<html>
<body>
<pre>
<h1>µVision Build Log</h1>
<h2>Tool Versions:</h2>
IDE-Version: ¦ÌVision V5.38.0.0
Copyright (C) 2022 ARM Ltd and ARM Germany GmbH. All rights reserved.
License Information: q q, q, LIC=76F5U-SPHHS-CXGU6-D8NZC-BSK4N-93YA7
 
Tool Versions:
Toolchain:       MDK-ARM Plus  Version: 5.38.0.0
Toolchain Path:  C:\Keil_v5\ARM\arm5_compiler\Bin
C Compiler:      Armcc.exe V5.06 update 7 (build 960)
Assembler:       Armasm.exe V5.06 update 7 (build 960)
Linker/Locator:  ArmLink.exe V5.06 update 7 (build 960)
Library Manager: ArmAr.exe V5.06 update 7 (build 960)
Hex Converter:   FromElf.exe V5.06 update 7 (build 960)
CPU DLL:         SARMCM3.DLL V5.38.0.0
Dialog DLL:      DCM.DLL V1.17.5.0
Target DLL:      STLink\ST-LINKIII-KEIL_SWO.dll V3.1.0.0
Dialog DLL:      TCM.DLL V1.56.4.0
 
<h2>Project:</h2>
d:\window\ALL_Register\ALL_Register.uvprojx
Project File Date:  02/02/2025

<h2>Output:</h2>
*** Using Compiler 'V5.06 update 7 (build 960)', folder: 'C:\Keil_v5\ARM\arm5_compiler\Bin'
Build target 'Target 1'
compiling Drive_BaseTick.c...
.\Drive\Drive_USART_Interrupt\Drive_USART_Interrupt.h(15): warning:  #1-D: last line of file ends without a newline
  #endif /* DRIVE_USART_H__ */
.\Drive\led\led.h(21): warning:  #1-D: last line of file ends without a newline
  #endif /* LED_H__ */
Drive\Drive_BaseTick\Drive_BaseTick.h(7): warning:  #1-D: last line of file ends without a newline
  #endif /* DRIVE_BASETICK_H__ */
Drive\Drive_BaseTick\Drive_BaseTick.c(23): warning:  #1-D: last line of file ends without a newline
  }
Drive\Drive_BaseTick\Drive_BaseTick.c: 4 warnings, 0 errors
compiling Inf_E2PROM.c...
.\Drive\Drive_I2C\Drive_I2C.h(28): warning:  #1-D: last line of file ends without a newline
  #endif /* DRIVE_I2C_H__ */
Inf\E2PROM\Inf_E2PROM.h(15): warning:  #1-D: last line of file ends without a newline
  #endif /* INF_E2PROM_H__ */
Inf\E2PROM\Inf_E2PROM.c: 2 warnings, 0 errors
compiling main.c...
.\Drive\Drive_USART_Interrupt\Drive_USART_Interrupt.h(15): warning:  #1-D: last line of file ends without a newline
  #endif /* DRIVE_USART_H__ */
.\Drive\led\led.h(21): warning:  #1-D: last line of file ends without a newline
  #endif /* LED_H__ */
.\Drive\Drive_BaseTick\Drive_BaseTick.h(7): warning:  #1-D: last line of file ends without a newline
  #endif /* DRIVE_BASETICK_H__ */
.\Drive\Drive_DMA\Drive_DMA.h(4): warning:  #1295-D: Deprecated declaration Drive_DMA_Init - give arg types
  void Drive_DMA_Init();
.\Drive\Drive_DMA\Drive_DMA.h(8): warning:  #1-D: last line of file ends without a newline
  #endif /* DRIVE_DMA_H__ */
.\Drive\Drive_GeneralTick\Drive_GeneralTick.h(9): warning:  #1-D: last line of file ends without a newline
  #endif /* DRIVE_GENERALTICK_H__ */
.\Drive\Drive_GeneralTickTest\Drive_GeneralTickTest.h(13): warning:  #1-D: last line of file ends without a newline
  #endif /* DRIVE_GENERALTICKTEST_H__ */
.\Drive\Drive_KEY\Drive_KEY.h(5): warning:  #1-D: last line of file ends without a newline
  #endif /* DRIVE_KEY_H__ */
.\Drive\Drive_MesureTick\Drive_MesureTick.h(4): warning:  #1295-D: Deprecated declaration Drive_MesureTick_Init - give arg types
  void Drive_MesureTick_Init();
.\Drive\Drive_MesureTick\Drive_MesureTick.h(5): warning:  #1295-D: Deprecated declaration Drive_MesureTick_Start - give arg types
  void Drive_MesureTick_Start();
.\Drive\Drive_MesureTick\Drive_MesureTick.h(6): warning:  #1295-D: Deprecated declaration Drive_MesureTick_Stop - give arg types
  void Drive_MesureTick_Stop();
.\Drive\Drive_MesureTick\Drive_MesureTick.h(7): warning:  #1295-D: Deprecated declaration Drive_MesureTick_GetPWMCycle - give arg types
  double Drive_MesureTick_GetPWMCycle();
.\Drive\Drive_MesureTick\Drive_MesureTick.h(8): warning:  #1295-D: Deprecated declaration Drive_MesureTick_GetPWMFreq - give arg types
  double Drive_MesureTick_GetPWMFreq();
.\Drive\Drive_MesureTick\Drive_MesureTick.h(9): warning:  #1295-D: Deprecated declaration Drive_MesureTick_GetDutyCycle - give arg types
  double Drive_MesureTick_GetDutyCycle();
.\Drive\Drive_MesureTick\Drive_MesureTick.h(10): warning:  #1-D: last line of file ends without a newline
  #endif /* DRIVE_MESURETICK_H__ */
.\Drive\Drive_SenierTick\Drive_SenierTick.h(10): warning:  #1-D: last line of file ends without a newline
  #endif /* DRIVE_SENIERTICK_H__ */
.\Drive\Drive_USART\Drive_USART.h(11): warning:  #1-D: last line of file ends without a newline
  #endif /* DRIVE_USART_H__ */
.\Drive\Drive_I2C\Drive_I2C.h(28): warning:  #1-D: last line of file ends without a newline
  #endif /* DRIVE_I2C_H__ */
.\Inf\E2PROM\Inf_E2PROM.h(15): warning:  #1-D: last line of file ends without a newline
  #endif /* INF_E2PROM_H__ */
User\main.c(183): warning:  #1-D: last line of file ends without a newline
  }
User\main.c: 20 warnings, 0 errors
compiling Drive_GeneralTick.c...
Drive\Drive_GeneralTick\Drive_GeneralTick.h(9): warning:  #1-D: last line of file ends without a newline
  #endif /* DRIVE_GENERALTICK_H__ */
Drive\Drive_GeneralTick\Drive_GeneralTick.c: 1 warning, 0 errors
compiling Delay.c...
compiling system_stm32f10x.c...
compiling Drive_USART.c...
Drive\Drive_USART\Drive_USART.h(11): warning:  #1-D: last line of file ends without a newline
  #endif /* DRIVE_USART_H__ */
Drive\Drive_USART\Drive_USART.c(41): warning:  #177-D: variable "i"  was declared but never referenced
      uint8_t i = 0;
Drive\Drive_USART\Drive_USART.c(62): warning:  #1-D: last line of file ends without a newline
  }
Drive\Drive_USART\Drive_USART.c: 3 warnings, 0 errors
compiling led.c...
Drive\led\led.h(21): warning:  #1-D: last line of file ends without a newline
  #endif /* LED_H__ */
.\Drive\Drive_USART_Interrupt\Drive_USART_Interrupt.h(15): warning:  #1-D: last line of file ends without a newline
  #endif /* DRIVE_USART_H__ */
Drive\led\led.c(42): warning:  #1-D: last line of file ends without a newline
  }
Drive\led\led.c: 3 warnings, 0 errors
compiling Drive_I2C.c...
Drive\Drive_I2C\Drive_I2C.h(28): warning:  #1-D: last line of file ends without a newline
  #endif /* DRIVE_I2C_H__ */
Drive\Drive_I2C\Drive_I2C.c: 1 warning, 0 errors
compiling Inf_E2PROM_HardWare.c...
.\Drive\Drive_I2C_HardWare\Drive_I2C_HardWare.h(23): warning:  #1-D: last line of file ends without a newline
  #endif /* DRIVE_I2C_HARDWARE_H__ */
Inf\E2PROM_HardWare\Inf_E2PROM_HardWare.h(18): warning:  #1-D: last line of file ends without a newline
  #endif /* INF_E2PROM_HARDWARE_H__ */
Inf\E2PROM_HardWare\Inf_E2PROM_HardWare.c: 2 warnings, 0 errors
compiling Drive_I2C_HardWare.c...
Drive\Drive_I2C_HardWare\Drive_I2C_HardWare.h(23): warning:  #1-D: last line of file ends without a newline
  #endif /* DRIVE_I2C_HARDWARE_H__ */
Drive\Drive_I2C_HardWare\Drive_I2C_HardWare.c: 1 warning, 0 errors
compiling Drive_GeneralTickTest.c...
Drive\Drive_GeneralTickTest\Drive_GeneralTickTest.h(13): warning:  #1-D: last line of file ends without a newline
  #endif /* DRIVE_GENERALTICKTEST_H__ */
Drive\Drive_GeneralTickTest\Drive_GeneralTickTest.c: 1 warning, 0 errors
compiling Drive_USART_Interrupt.c...
Drive\Drive_USART_Interrupt\Drive_USART_Interrupt.h(15): warning:  #1-D: last line of file ends without a newline
  #endif /* DRIVE_USART_H__ */
Drive\Drive_USART_Interrupt\Drive_USART_Interrupt.c(87): warning:  #223-D: function "Drive_USART_Sendchar" declared implicitly
      Drive_USART_Sendchar(c);
Drive\Drive_USART_Interrupt\Drive_USART_Interrupt.c: 2 warnings, 0 errors
compiling Drive_KEY.c...
Drive\Drive_KEY\Drive_KEY.h(5): warning:  #1-D: last line of file ends without a newline
  #endif /* DRIVE_KEY_H__ */
.\Drive\led\led.h(21): warning:  #1-D: last line of file ends without a newline
  #endif /* LED_H__ */
Drive\Drive_KEY\Drive_KEY.c(36): warning:  #1-D: last line of file ends without a newline
  }
Drive\Drive_KEY\Drive_KEY.c: 3 warnings, 0 errors
compiling core_cm3.c...
compiling Drive_MesureTick.c...
Drive\Drive_MesureTick\Drive_MesureTick.h(4): warning:  #1295-D: Deprecated declaration Drive_MesureTick_Init - give arg types
  void Drive_MesureTick_Init();
Drive\Drive_MesureTick\Drive_MesureTick.h(5): warning:  #1295-D: Deprecated declaration Drive_MesureTick_Start - give arg types
  void Drive_MesureTick_Start();
Drive\Drive_MesureTick\Drive_MesureTick.h(6): warning:  #1295-D: Deprecated declaration Drive_MesureTick_Stop - give arg types
  void Drive_MesureTick_Stop();
Drive\Drive_MesureTick\Drive_MesureTick.h(7): warning:  #1295-D: Deprecated declaration Drive_MesureTick_GetPWMCycle - give arg types
  double Drive_MesureTick_GetPWMCycle();
Drive\Drive_MesureTick\Drive_MesureTick.h(8): warning:  #1295-D: Deprecated declaration Drive_MesureTick_GetPWMFreq - give arg types
  double Drive_MesureTick_GetPWMFreq();
Drive\Drive_MesureTick\Drive_MesureTick.h(9): warning:  #1295-D: Deprecated declaration Drive_MesureTick_GetDutyCycle - give arg types
  double Drive_MesureTick_GetDutyCycle();
Drive\Drive_MesureTick\Drive_MesureTick.h(10): warning:  #1-D: last line of file ends without a newline
  #endif /* DRIVE_MESURETICK_H__ */
Drive\Drive_MesureTick\Drive_MesureTick.c: 7 warnings, 0 errors
compiling Drive_SenierTick.c...
Drive\Drive_SenierTick\Drive_SenierTick.h(10): warning:  #1-D: last line of file ends without a newline
  #endif /* DRIVE_SENIERTICK_H__ */
.\Drive\Drive_USART_Interrupt\Drive_USART_Interrupt.h(15): warning:  #1-D: last line of file ends without a newline
  #endif /* DRIVE_USART_H__ */
Drive\Drive_SenierTick\Drive_SenierTick.c: 2 warnings, 0 errors
compiling Drive_DMA.c...
Drive\Drive_DMA\Drive_DMA.h(4): warning:  #1295-D: Deprecated declaration Drive_DMA_Init - give arg types
  void Drive_DMA_Init();
Drive\Drive_DMA\Drive_DMA.h(8): warning:  #1-D: last line of file ends without a newline
  #endif /* DRIVE_DMA_H__ */
Drive\Drive_DMA\Drive_DMA.c: 2 warnings, 0 errors
linking...
Program Size: Code=2680 RO-data=340 RW-data=12 ZI-data=1124  
FromELF: creating hex file...
".\Objects\01_LED_Register.axf" - 0 Error(s), 54 Warning(s).

<h2>Software Packages used:</h2>

Package Vendor: Keil
                https://www.keil.com/pack/Keil.STM32F1xx_DFP.2.4.1.pack
                Keil.STM32F1xx_DFP.2.4.1
                STMicroelectronics STM32F1 Series Device Support, Drivers and Examples

<h2>Collection of Component include folders:</h2>
  C:/Users/MECHREVO/AppData/Local/Arm/Packs/Keil/STM32F1xx_DFP/2.4.1/Device/Include

<h2>Collection of Component Files used:</h2>
Build Time Elapsed:  00:00:03
</pre>
</body>
</html>
