Component: ARM Compiler 5.06 update 7 (build 960) Tool: armlink [4d3601]

==============================================================================

Section Cross References

    system_stm32f10x.o(i.SetSysClock) refers to system_stm32f10x.o(i.SetSysClockTo72) for SetSysClockTo72
    system_stm32f10x.o(i.SystemCoreClockUpdate) refers to system_stm32f10x.o(.data) for SystemCoreClock
    system_stm32f10x.o(i.SystemInit) refers to system_stm32f10x.o(i.SetSysClock) for SetSysClock
    startup_stm32f10x_hd.o(RESET) refers to startup_stm32f10x_hd.o(STACK) for __initial_sp
    startup_stm32f10x_hd.o(RESET) refers to startup_stm32f10x_hd.o(.text) for Reset_Handler
    startup_stm32f10x_hd.o(RESET) refers to drive_generalticktest.o(i.TIM4_IRQHandler) for TIM4_IRQHandler
    startup_stm32f10x_hd.o(RESET) refers to drive_usart_interrupt.o(i.USART1_IRQHandler) for USART1_IRQHandler
    startup_stm32f10x_hd.o(RESET) refers to drive_key.o(i.EXTI15_10_IRQHandler) for EXTI15_10_IRQHandler
    startup_stm32f10x_hd.o(RESET) refers to drive_basetick.o(i.TIM7_IRQHandler) for TIM7_IRQHandler
    startup_stm32f10x_hd.o(.text) refers to system_stm32f10x.o(i.SystemInit) for SystemInit
    startup_stm32f10x_hd.o(.text) refers to entry.o(.ARM.Collect$$$$00000000) for __main
    main.o(i.main) refers to drive_usart_interrupt.o(i.Drive_USART_Interrupt_Init) for Drive_USART_Interrupt_Init
    main.o(i.main) refers to drive_generaltick.o(i.Drive_GeneralTick_Init) for Drive_GeneralTick_Init
    main.o(i.main) refers to drive_generalticktest.o(i.Drive_GeneralTickTestTest_Init) for Drive_GeneralTickTestTest_Init
    main.o(i.main) refers to drive_generalticktest.o(i.Drive_GeneralTickTestTest_Start) for Drive_GeneralTickTestTest_Start
    main.o(i.main) refers to drive_generaltick.o(i.Drive_GeneralTick_Start) for Drive_GeneralTick_Start
    main.o(i.main) refers to drive_generalticktest.o(i.Driver_GeneralTickTestTest_GetPWMCycle) for Driver_GeneralTickTestTest_GetPWMCycle
    main.o(i.main) refers to drive_generalticktest.o(i.Driver_GeneralTickTestTest_GetPWMFreq) for Driver_GeneralTickTestTest_GetPWMFreq
    main.o(i.main) refers to printfa.o(i.__0printf) for __2printf
    main.o(i.main) refers to delay.o(i.Delay_ms) for Delay_ms
    main.o(i.main) refers to main.o(.data) for ta
    delay.o(i.Delay_ms) refers to delay.o(i.Delay_us) for Delay_us
    delay.o(i.Delay_s) refers to delay.o(i.Delay_ms) for Delay_ms
    led.o(i.Driver_LED_Init) refers to led.o(i.Driver_LED_OffAll) for Driver_LED_OffAll
    led.o(i.Driver_LED_Init) refers to led.o(.constdata) for .constdata
    led.o(i.Driver_LED_Toggle) refers to printfa.o(i.__0printf) for __2printf
    led.o(i.Driver_LED_Toggle) refers to led.o(i.Driver_LED_Off) for Driver_LED_Off
    led.o(i.Driver_LED_Toggle) refers to led.o(i.Driver_LED_On) for Driver_LED_On
    drive_key.o(i.EXTI15_10_IRQHandler) refers to delay.o(i.Delay_ms) for Delay_ms
    drive_key.o(i.EXTI15_10_IRQHandler) refers to led.o(i.Driver_LED_Toggle) for Driver_LED_Toggle
    drive_usart.o(i.Drive_USART_Sendstr) refers to drive_usart.o(i.Drive_USART_Sendchar) for Drive_USART_Sendchar
    drive_usart_interrupt.o(i.Drive_USART_Interrupt_Sendstr) refers to drive_usart_interrupt.o(i.Drive_USART_Interrupt_Sendchar) for Drive_USART_Interrupt_Sendchar
    drive_usart_interrupt.o(i.USART1_IRQHandler) refers to drive_usart_interrupt.o(i.Drive_USART_Interrupt_Sendstr) for Drive_USART_Interrupt_Sendstr
    drive_usart_interrupt.o(i.USART1_IRQHandler) refers to drive_usart_interrupt.o(.data) for len
    drive_usart_interrupt.o(i.USART1_IRQHandler) refers to drive_usart_interrupt.o(.bss) for buffa
    drive_usart_interrupt.o(i.fputc) refers to drive_usart.o(i.Drive_USART_Sendchar) for Drive_USART_Sendchar
    drive_i2c.o(i.Driver_I2C2_Ack) refers to delay.o(i.Delay_ms) for Delay_ms
    drive_i2c.o(i.Driver_I2C2_NAck) refers to delay.o(i.Delay_ms) for Delay_ms
    drive_i2c.o(i.Driver_I2C2_Start) refers to delay.o(i.Delay_ms) for Delay_ms
    drive_i2c.o(i.Driver_I2C2_Stop) refers to delay.o(i.Delay_ms) for Delay_ms
    drive_i2c.o(i.Driver_I2C2_WaitAck) refers to delay.o(i.Delay_ms) for Delay_ms
    drive_i2c.o(i.Driver_I2C_ReadByte) refers to delay.o(i.Delay_ms) for Delay_ms
    drive_i2c.o(i.Driver_I2C_SendByte) refers to delay.o(i.Delay_ms) for Delay_ms
    inf_e2prom.o(i.Inf_W24C02_Init) refers to drive_i2c.o(i.Driver_I2C2_Init) for Driver_I2C2_Init
    inf_e2prom.o(i.Inf_W24C02_ReadByte) refers to drive_i2c.o(i.Driver_I2C2_Start) for Driver_I2C2_Start
    inf_e2prom.o(i.Inf_W24C02_ReadByte) refers to drive_i2c.o(i.Driver_I2C_SendByte) for Driver_I2C_SendByte
    inf_e2prom.o(i.Inf_W24C02_ReadByte) refers to drive_i2c.o(i.Driver_I2C2_WaitAck) for Driver_I2C2_WaitAck
    inf_e2prom.o(i.Inf_W24C02_ReadByte) refers to drive_i2c.o(i.Driver_I2C_ReadByte) for Driver_I2C_ReadByte
    inf_e2prom.o(i.Inf_W24C02_ReadByte) refers to drive_i2c.o(i.Driver_I2C2_NAck) for Driver_I2C2_NAck
    inf_e2prom.o(i.Inf_W24C02_ReadByte) refers to drive_i2c.o(i.Driver_I2C2_Stop) for Driver_I2C2_Stop
    inf_e2prom.o(i.Inf_W24C02_ReadBytes) refers to drive_i2c.o(i.Driver_I2C2_Start) for Driver_I2C2_Start
    inf_e2prom.o(i.Inf_W24C02_ReadBytes) refers to drive_i2c.o(i.Driver_I2C_SendByte) for Driver_I2C_SendByte
    inf_e2prom.o(i.Inf_W24C02_ReadBytes) refers to drive_i2c.o(i.Driver_I2C2_WaitAck) for Driver_I2C2_WaitAck
    inf_e2prom.o(i.Inf_W24C02_ReadBytes) refers to drive_i2c.o(i.Driver_I2C_ReadByte) for Driver_I2C_ReadByte
    inf_e2prom.o(i.Inf_W24C02_ReadBytes) refers to drive_i2c.o(i.Driver_I2C2_NAck) for Driver_I2C2_NAck
    inf_e2prom.o(i.Inf_W24C02_ReadBytes) refers to drive_i2c.o(i.Driver_I2C2_Ack) for Driver_I2C2_Ack
    inf_e2prom.o(i.Inf_W24C02_ReadBytes) refers to drive_i2c.o(i.Driver_I2C2_Stop) for Driver_I2C2_Stop
    inf_e2prom.o(i.Inf_W24C02_WriteByte) refers to drive_i2c.o(i.Driver_I2C2_Start) for Driver_I2C2_Start
    inf_e2prom.o(i.Inf_W24C02_WriteByte) refers to drive_i2c.o(i.Driver_I2C_SendByte) for Driver_I2C_SendByte
    inf_e2prom.o(i.Inf_W24C02_WriteByte) refers to drive_i2c.o(i.Driver_I2C2_WaitAck) for Driver_I2C2_WaitAck
    inf_e2prom.o(i.Inf_W24C02_WriteByte) refers to drive_i2c.o(i.Driver_I2C2_Stop) for Driver_I2C2_Stop
    inf_e2prom.o(i.Inf_W24C02_WriteByte) refers to delay.o(i.Delay_ms) for Delay_ms
    inf_e2prom.o(i.Inf_W24C02_WriteBytes) refers to drive_i2c.o(i.Driver_I2C2_Start) for Driver_I2C2_Start
    inf_e2prom.o(i.Inf_W24C02_WriteBytes) refers to drive_i2c.o(i.Driver_I2C_SendByte) for Driver_I2C_SendByte
    inf_e2prom.o(i.Inf_W24C02_WriteBytes) refers to drive_i2c.o(i.Driver_I2C2_WaitAck) for Driver_I2C2_WaitAck
    inf_e2prom.o(i.Inf_W24C02_WriteBytes) refers to drive_i2c.o(i.Driver_I2C2_Stop) for Driver_I2C2_Stop
    inf_e2prom.o(i.Inf_W24C02_WriteBytes) refers to delay.o(i.Delay_ms) for Delay_ms
    inf_e2prom_hardware.o(i.Inf_W24C02_HardWare_Init) refers to drive_i2c_hardware.o(i.Driver_I2C2_HardWare_Init) for Driver_I2C2_HardWare_Init
    inf_e2prom_hardware.o(i.Inf_W24C02_HardWare_ReadByte) refers to drive_i2c_hardware.o(i.Driver_I2C2_HardWare_Start) for Driver_I2C2_HardWare_Start
    inf_e2prom_hardware.o(i.Inf_W24C02_HardWare_ReadByte) refers to drive_i2c_hardware.o(i.Driver_I2C2_HardWare_SendByte) for Driver_I2C2_HardWare_SendByte
    inf_e2prom_hardware.o(i.Inf_W24C02_HardWare_ReadByte) refers to drive_i2c_hardware.o(i.Driver_I2C2_HardWare_ReadByte) for Driver_I2C2_HardWare_ReadByte
    inf_e2prom_hardware.o(i.Inf_W24C02_HardWare_ReadByte) refers to drive_i2c_hardware.o(i.Driver_I2C2_HardWare_NAck) for Driver_I2C2_HardWare_NAck
    inf_e2prom_hardware.o(i.Inf_W24C02_HardWare_ReadByte) refers to drive_i2c_hardware.o(i.Driver_I2C2_HardWare_Stop) for Driver_I2C2_HardWare_Stop
    inf_e2prom_hardware.o(i.Inf_W24C02_HardWare_ReadBytes) refers to drive_i2c_hardware.o(i.Driver_I2C2_HardWare_Start) for Driver_I2C2_HardWare_Start
    inf_e2prom_hardware.o(i.Inf_W24C02_HardWare_ReadBytes) refers to drive_i2c_hardware.o(i.Driver_I2C2_HardWare_SendByte) for Driver_I2C2_HardWare_SendByte
    inf_e2prom_hardware.o(i.Inf_W24C02_HardWare_ReadBytes) refers to drive_i2c_hardware.o(i.Driver_I2C2_HardWare_ReadByte) for Driver_I2C2_HardWare_ReadByte
    inf_e2prom_hardware.o(i.Inf_W24C02_HardWare_ReadBytes) refers to drive_i2c_hardware.o(i.Driver_I2C2_HardWare_NAck) for Driver_I2C2_HardWare_NAck
    inf_e2prom_hardware.o(i.Inf_W24C02_HardWare_ReadBytes) refers to drive_i2c_hardware.o(i.Driver_I2C2_HardWare_Ack) for Driver_I2C2_HardWare_Ack
    inf_e2prom_hardware.o(i.Inf_W24C02_HardWare_ReadBytes) refers to drive_i2c_hardware.o(i.Driver_I2C2_HardWare_Stop) for Driver_I2C2_HardWare_Stop
    inf_e2prom_hardware.o(i.Inf_W24C02_HardWare_WriteByte) refers to drive_i2c_hardware.o(i.Driver_I2C2_HardWare_Start) for Driver_I2C2_HardWare_Start
    inf_e2prom_hardware.o(i.Inf_W24C02_HardWare_WriteByte) refers to drive_i2c_hardware.o(i.Driver_I2C2_HardWare_SendByte) for Driver_I2C2_HardWare_SendByte
    inf_e2prom_hardware.o(i.Inf_W24C02_HardWare_WriteByte) refers to drive_i2c_hardware.o(i.Driver_I2C2_HardWare_Stop) for Driver_I2C2_HardWare_Stop
    inf_e2prom_hardware.o(i.Inf_W24C02_HardWare_WriteByte) refers to delay.o(i.Delay_ms) for Delay_ms
    inf_e2prom_hardware.o(i.Inf_W24C02_HardWare_WriteBytes) refers to drive_i2c_hardware.o(i.Driver_I2C2_HardWare_Start) for Driver_I2C2_HardWare_Start
    inf_e2prom_hardware.o(i.Inf_W24C02_HardWare_WriteBytes) refers to drive_i2c_hardware.o(i.Driver_I2C2_HardWare_SendByte) for Driver_I2C2_HardWare_SendByte
    inf_e2prom_hardware.o(i.Inf_W24C02_HardWare_WriteBytes) refers to drive_i2c_hardware.o(i.Driver_I2C2_HardWare_Stop) for Driver_I2C2_HardWare_Stop
    inf_e2prom_hardware.o(i.Inf_W24C02_HardWare_WriteBytes) refers to delay.o(i.Delay_ms) for Delay_ms
    drive_basetick.o(i.TIM7_IRQHandler) refers to led.o(i.Driver_LED_Toggle) for Driver_LED_Toggle
    drive_basetick.o(i.TIM7_IRQHandler) refers to printfa.o(i.__0printf) for __2printf
    drive_generalticktest.o(i.Driver_GeneralTickTestTest_GetPWMCycle) refers to dfltui.o(.text) for __aeabi_ui2d
    drive_generalticktest.o(i.Driver_GeneralTickTestTest_GetPWMCycle) refers to ddiv.o(.text) for __aeabi_ddiv
    drive_generalticktest.o(i.Driver_GeneralTickTestTest_GetPWMCycle) refers to drive_generalticktest.o(.data) for t
    drive_generalticktest.o(i.Driver_GeneralTickTestTest_GetPWMFreq) refers to dflti.o(.text) for __aeabi_i2d
    drive_generalticktest.o(i.Driver_GeneralTickTestTest_GetPWMFreq) refers to drive_generalticktest.o(.data) for t
    drive_generalticktest.o(i.TIM4_IRQHandler) refers to drive_generalticktest.o(.data) for count
    entry.o(.ARM.Collect$$$$00000000) refers (Special) to entry10a.o(.ARM.Collect$$$$0000000F) for __rt_final_cpp
    entry.o(.ARM.Collect$$$$00000000) refers (Special) to entry11a.o(.ARM.Collect$$$$00000011) for __rt_final_exit
    entry.o(.ARM.Collect$$$$00000000) refers (Special) to entry12b.o(.ARM.Collect$$$$0000000E) for __rt_lib_shutdown_fini
    entry.o(.ARM.Collect$$$$00000000) refers (Special) to entry7b.o(.ARM.Collect$$$$00000008) for _main_clock
    entry.o(.ARM.Collect$$$$00000000) refers (Special) to entry8b.o(.ARM.Collect$$$$0000000A) for _main_cpp_init
    entry.o(.ARM.Collect$$$$00000000) refers (Special) to entry9a.o(.ARM.Collect$$$$0000000B) for _main_init
    entry.o(.ARM.Collect$$$$00000000) refers (Special) to entry5.o(.ARM.Collect$$$$00000004) for _main_scatterload
    entry.o(.ARM.Collect$$$$00000000) refers (Special) to entry2.o(.ARM.Collect$$$$00000001) for _main_stk
    printfb.o(i.__0fprintf$bare) refers to printfb.o(i._printf_core) for _printf_core
    printfb.o(i.__0fprintf$bare) refers to drive_usart_interrupt.o(i.fputc) for fputc
    printfb.o(i.__0printf$bare) refers to printfb.o(i._printf_core) for _printf_core
    printfb.o(i.__0printf$bare) refers to drive_usart_interrupt.o(i.fputc) for fputc
    printfb.o(i.__0printf$bare) refers to stdout.o(.data) for __stdout
    printfb.o(i.__0snprintf$bare) refers to printfb.o(i._printf_core) for _printf_core
    printfb.o(i.__0snprintf$bare) refers to printfb.o(i._snputc) for _snputc
    printfb.o(i.__0sprintf$bare) refers to printfb.o(i._printf_core) for _printf_core
    printfb.o(i.__0sprintf$bare) refers to printfb.o(i._sputc) for _sputc
    printfb.o(i.__0vfprintf$bare) refers to printfb.o(i._printf_core) for _printf_core
    printfb.o(i.__0vfprintf$bare) refers to drive_usart_interrupt.o(i.fputc) for fputc
    printfb.o(i.__0vprintf$bare) refers to printfb.o(i._printf_core) for _printf_core
    printfb.o(i.__0vprintf$bare) refers to drive_usart_interrupt.o(i.fputc) for fputc
    printfb.o(i.__0vprintf$bare) refers to stdout.o(.data) for __stdout
    printfb.o(i.__0vsnprintf$bare) refers to printfb.o(i._printf_core) for _printf_core
    printfb.o(i.__0vsnprintf$bare) refers to printfb.o(i._snputc) for _snputc
    printfb.o(i.__0vsprintf$bare) refers to printfb.o(i._printf_core) for _printf_core
    printfb.o(i.__0vsprintf$bare) refers to printfb.o(i._sputc) for _sputc
    printf0.o(i.__0fprintf$0) refers to printf0.o(i._printf_core) for _printf_core
    printf0.o(i.__0fprintf$0) refers to drive_usart_interrupt.o(i.fputc) for fputc
    printf0.o(i.__0printf$0) refers to printf0.o(i._printf_core) for _printf_core
    printf0.o(i.__0printf$0) refers to drive_usart_interrupt.o(i.fputc) for fputc
    printf0.o(i.__0printf$0) refers to stdout.o(.data) for __stdout
    printf0.o(i.__0snprintf$0) refers to printf0.o(i._printf_core) for _printf_core
    printf0.o(i.__0snprintf$0) refers to printf0.o(i._snputc) for _snputc
    printf0.o(i.__0sprintf$0) refers to printf0.o(i._printf_core) for _printf_core
    printf0.o(i.__0sprintf$0) refers to printf0.o(i._sputc) for _sputc
    printf0.o(i.__0vfprintf$0) refers to printf0.o(i._printf_core) for _printf_core
    printf0.o(i.__0vfprintf$0) refers to drive_usart_interrupt.o(i.fputc) for fputc
    printf0.o(i.__0vprintf$0) refers to printf0.o(i._printf_core) for _printf_core
    printf0.o(i.__0vprintf$0) refers to drive_usart_interrupt.o(i.fputc) for fputc
    printf0.o(i.__0vprintf$0) refers to stdout.o(.data) for __stdout
    printf0.o(i.__0vsnprintf$0) refers to printf0.o(i._printf_core) for _printf_core
    printf0.o(i.__0vsnprintf$0) refers to printf0.o(i._snputc) for _snputc
    printf0.o(i.__0vsprintf$0) refers to printf0.o(i._printf_core) for _printf_core
    printf0.o(i.__0vsprintf$0) refers to printf0.o(i._sputc) for _sputc
    printf1.o(i.__0fprintf$1) refers to printf1.o(i._printf_core) for _printf_core
    printf1.o(i.__0fprintf$1) refers to drive_usart_interrupt.o(i.fputc) for fputc
    printf1.o(i.__0printf$1) refers to printf1.o(i._printf_core) for _printf_core
    printf1.o(i.__0printf$1) refers to drive_usart_interrupt.o(i.fputc) for fputc
    printf1.o(i.__0printf$1) refers to stdout.o(.data) for __stdout
    printf1.o(i.__0snprintf$1) refers to printf1.o(i._printf_core) for _printf_core
    printf1.o(i.__0snprintf$1) refers to printf1.o(i._snputc) for _snputc
    printf1.o(i.__0sprintf$1) refers to printf1.o(i._printf_core) for _printf_core
    printf1.o(i.__0sprintf$1) refers to printf1.o(i._sputc) for _sputc
    printf1.o(i.__0vfprintf$1) refers to printf1.o(i._printf_core) for _printf_core
    printf1.o(i.__0vfprintf$1) refers to drive_usart_interrupt.o(i.fputc) for fputc
    printf1.o(i.__0vprintf$1) refers to printf1.o(i._printf_core) for _printf_core
    printf1.o(i.__0vprintf$1) refers to drive_usart_interrupt.o(i.fputc) for fputc
    printf1.o(i.__0vprintf$1) refers to stdout.o(.data) for __stdout
    printf1.o(i.__0vsnprintf$1) refers to printf1.o(i._printf_core) for _printf_core
    printf1.o(i.__0vsnprintf$1) refers to printf1.o(i._snputc) for _snputc
    printf1.o(i.__0vsprintf$1) refers to printf1.o(i._printf_core) for _printf_core
    printf1.o(i.__0vsprintf$1) refers to printf1.o(i._sputc) for _sputc
    printf1.o(i._printf_core) refers to uidiv.o(.text) for __aeabi_uidivmod
    printf2.o(i.__0fprintf$2) refers to printf2.o(i._printf_core) for _printf_core
    printf2.o(i.__0fprintf$2) refers to drive_usart_interrupt.o(i.fputc) for fputc
    printf2.o(i.__0printf$2) refers to printf2.o(i._printf_core) for _printf_core
    printf2.o(i.__0printf$2) refers to drive_usart_interrupt.o(i.fputc) for fputc
    printf2.o(i.__0printf$2) refers to stdout.o(.data) for __stdout
    printf2.o(i.__0snprintf$2) refers to printf2.o(i._printf_core) for _printf_core
    printf2.o(i.__0snprintf$2) refers to printf2.o(i._snputc) for _snputc
    printf2.o(i.__0sprintf$2) refers to printf2.o(i._printf_core) for _printf_core
    printf2.o(i.__0sprintf$2) refers to printf2.o(i._sputc) for _sputc
    printf2.o(i.__0vfprintf$2) refers to printf2.o(i._printf_core) for _printf_core
    printf2.o(i.__0vfprintf$2) refers to drive_usart_interrupt.o(i.fputc) for fputc
    printf2.o(i.__0vprintf$2) refers to printf2.o(i._printf_core) for _printf_core
    printf2.o(i.__0vprintf$2) refers to drive_usart_interrupt.o(i.fputc) for fputc
    printf2.o(i.__0vprintf$2) refers to stdout.o(.data) for __stdout
    printf2.o(i.__0vsnprintf$2) refers to printf2.o(i._printf_core) for _printf_core
    printf2.o(i.__0vsnprintf$2) refers to printf2.o(i._snputc) for _snputc
    printf2.o(i.__0vsprintf$2) refers to printf2.o(i._printf_core) for _printf_core
    printf2.o(i.__0vsprintf$2) refers to printf2.o(i._sputc) for _sputc
    printf3.o(i.__0fprintf$3) refers to printf3.o(i._printf_core) for _printf_core
    printf3.o(i.__0fprintf$3) refers to drive_usart_interrupt.o(i.fputc) for fputc
    printf3.o(i.__0printf$3) refers to printf3.o(i._printf_core) for _printf_core
    printf3.o(i.__0printf$3) refers to drive_usart_interrupt.o(i.fputc) for fputc
    printf3.o(i.__0printf$3) refers to stdout.o(.data) for __stdout
    printf3.o(i.__0snprintf$3) refers to printf3.o(i._printf_core) for _printf_core
    printf3.o(i.__0snprintf$3) refers to printf3.o(i._snputc) for _snputc
    printf3.o(i.__0sprintf$3) refers to printf3.o(i._printf_core) for _printf_core
    printf3.o(i.__0sprintf$3) refers to printf3.o(i._sputc) for _sputc
    printf3.o(i.__0vfprintf$3) refers to printf3.o(i._printf_core) for _printf_core
    printf3.o(i.__0vfprintf$3) refers to drive_usart_interrupt.o(i.fputc) for fputc
    printf3.o(i.__0vprintf$3) refers to printf3.o(i._printf_core) for _printf_core
    printf3.o(i.__0vprintf$3) refers to drive_usart_interrupt.o(i.fputc) for fputc
    printf3.o(i.__0vprintf$3) refers to stdout.o(.data) for __stdout
    printf3.o(i.__0vsnprintf$3) refers to printf3.o(i._printf_core) for _printf_core
    printf3.o(i.__0vsnprintf$3) refers to printf3.o(i._snputc) for _snputc
    printf3.o(i.__0vsprintf$3) refers to printf3.o(i._printf_core) for _printf_core
    printf3.o(i.__0vsprintf$3) refers to printf3.o(i._sputc) for _sputc
    printf3.o(i._printf_core) refers to uidiv.o(.text) for __aeabi_uidivmod
    printf4.o(i.__0fprintf$4) refers to printf4.o(i._printf_core) for _printf_core
    printf4.o(i.__0fprintf$4) refers to drive_usart_interrupt.o(i.fputc) for fputc
    printf4.o(i.__0printf$4) refers to printf4.o(i._printf_core) for _printf_core
    printf4.o(i.__0printf$4) refers to drive_usart_interrupt.o(i.fputc) for fputc
    printf4.o(i.__0printf$4) refers to stdout.o(.data) for __stdout
    printf4.o(i.__0snprintf$4) refers to printf4.o(i._printf_core) for _printf_core
    printf4.o(i.__0snprintf$4) refers to printf4.o(i._snputc) for _snputc
    printf4.o(i.__0sprintf$4) refers to printf4.o(i._printf_core) for _printf_core
    printf4.o(i.__0sprintf$4) refers to printf4.o(i._sputc) for _sputc
    printf4.o(i.__0vfprintf$4) refers to printf4.o(i._printf_core) for _printf_core
    printf4.o(i.__0vfprintf$4) refers to drive_usart_interrupt.o(i.fputc) for fputc
    printf4.o(i.__0vprintf$4) refers to printf4.o(i._printf_core) for _printf_core
    printf4.o(i.__0vprintf$4) refers to drive_usart_interrupt.o(i.fputc) for fputc
    printf4.o(i.__0vprintf$4) refers to stdout.o(.data) for __stdout
    printf4.o(i.__0vsnprintf$4) refers to printf4.o(i._printf_core) for _printf_core
    printf4.o(i.__0vsnprintf$4) refers to printf4.o(i._snputc) for _snputc
    printf4.o(i.__0vsprintf$4) refers to printf4.o(i._printf_core) for _printf_core
    printf4.o(i.__0vsprintf$4) refers to printf4.o(i._sputc) for _sputc
    printf4.o(i._printf_core) refers to uldiv.o(.text) for __aeabi_uldivmod
    printf5.o(i.__0fprintf$5) refers to printf5.o(i._printf_core) for _printf_core
    printf5.o(i.__0fprintf$5) refers to drive_usart_interrupt.o(i.fputc) for fputc
    printf5.o(i.__0printf$5) refers to printf5.o(i._printf_core) for _printf_core
    printf5.o(i.__0printf$5) refers to drive_usart_interrupt.o(i.fputc) for fputc
    printf5.o(i.__0printf$5) refers to stdout.o(.data) for __stdout
    printf5.o(i.__0snprintf$5) refers to printf5.o(i._printf_core) for _printf_core
    printf5.o(i.__0snprintf$5) refers to printf5.o(i._snputc) for _snputc
    printf5.o(i.__0sprintf$5) refers to printf5.o(i._printf_core) for _printf_core
    printf5.o(i.__0sprintf$5) refers to printf5.o(i._sputc) for _sputc
    printf5.o(i.__0vfprintf$5) refers to printf5.o(i._printf_core) for _printf_core
    printf5.o(i.__0vfprintf$5) refers to drive_usart_interrupt.o(i.fputc) for fputc
    printf5.o(i.__0vprintf$5) refers to printf5.o(i._printf_core) for _printf_core
    printf5.o(i.__0vprintf$5) refers to drive_usart_interrupt.o(i.fputc) for fputc
    printf5.o(i.__0vprintf$5) refers to stdout.o(.data) for __stdout
    printf5.o(i.__0vsnprintf$5) refers to printf5.o(i._printf_core) for _printf_core
    printf5.o(i.__0vsnprintf$5) refers to printf5.o(i._snputc) for _snputc
    printf5.o(i.__0vsprintf$5) refers to printf5.o(i._printf_core) for _printf_core
    printf5.o(i.__0vsprintf$5) refers to printf5.o(i._sputc) for _sputc
    printf5.o(i._printf_core) refers to uldiv.o(.text) for __aeabi_uldivmod
    printf6.o(i.__0fprintf$6) refers to printf6.o(i._printf_core) for _printf_core
    printf6.o(i.__0fprintf$6) refers to drive_usart_interrupt.o(i.fputc) for fputc
    printf6.o(i.__0printf$6) refers to printf6.o(i._printf_core) for _printf_core
    printf6.o(i.__0printf$6) refers to drive_usart_interrupt.o(i.fputc) for fputc
    printf6.o(i.__0printf$6) refers to stdout.o(.data) for __stdout
    printf6.o(i.__0snprintf$6) refers to printf6.o(i._printf_core) for _printf_core
    printf6.o(i.__0snprintf$6) refers to printf6.o(i._snputc) for _snputc
    printf6.o(i.__0sprintf$6) refers to printf6.o(i._printf_core) for _printf_core
    printf6.o(i.__0sprintf$6) refers to printf6.o(i._sputc) for _sputc
    printf6.o(i.__0vfprintf$6) refers to printf6.o(i._printf_core) for _printf_core
    printf6.o(i.__0vfprintf$6) refers to drive_usart_interrupt.o(i.fputc) for fputc
    printf6.o(i.__0vprintf$6) refers to printf6.o(i._printf_core) for _printf_core
    printf6.o(i.__0vprintf$6) refers to drive_usart_interrupt.o(i.fputc) for fputc
    printf6.o(i.__0vprintf$6) refers to stdout.o(.data) for __stdout
    printf6.o(i.__0vsnprintf$6) refers to printf6.o(i._printf_core) for _printf_core
    printf6.o(i.__0vsnprintf$6) refers to printf6.o(i._snputc) for _snputc
    printf6.o(i.__0vsprintf$6) refers to printf6.o(i._printf_core) for _printf_core
    printf6.o(i.__0vsprintf$6) refers to printf6.o(i._sputc) for _sputc
    printf6.o(i._printf_core) refers to printf6.o(i._printf_pre_padding) for _printf_pre_padding
    printf6.o(i._printf_core) refers to uidiv.o(.text) for __aeabi_uidivmod
    printf6.o(i._printf_core) refers to printf6.o(i._printf_post_padding) for _printf_post_padding
    printf7.o(i.__0fprintf$7) refers to printf7.o(i._printf_core) for _printf_core
    printf7.o(i.__0fprintf$7) refers to drive_usart_interrupt.o(i.fputc) for fputc
    printf7.o(i.__0printf$7) refers to printf7.o(i._printf_core) for _printf_core
    printf7.o(i.__0printf$7) refers to drive_usart_interrupt.o(i.fputc) for fputc
    printf7.o(i.__0printf$7) refers to stdout.o(.data) for __stdout
    printf7.o(i.__0snprintf$7) refers to printf7.o(i._printf_core) for _printf_core
    printf7.o(i.__0snprintf$7) refers to printf7.o(i._snputc) for _snputc
    printf7.o(i.__0sprintf$7) refers to printf7.o(i._printf_core) for _printf_core
    printf7.o(i.__0sprintf$7) refers to printf7.o(i._sputc) for _sputc
    printf7.o(i.__0vfprintf$7) refers to printf7.o(i._printf_core) for _printf_core
    printf7.o(i.__0vfprintf$7) refers to drive_usart_interrupt.o(i.fputc) for fputc
    printf7.o(i.__0vprintf$7) refers to printf7.o(i._printf_core) for _printf_core
    printf7.o(i.__0vprintf$7) refers to drive_usart_interrupt.o(i.fputc) for fputc
    printf7.o(i.__0vprintf$7) refers to stdout.o(.data) for __stdout
    printf7.o(i.__0vsnprintf$7) refers to printf7.o(i._printf_core) for _printf_core
    printf7.o(i.__0vsnprintf$7) refers to printf7.o(i._snputc) for _snputc
    printf7.o(i.__0vsprintf$7) refers to printf7.o(i._printf_core) for _printf_core
    printf7.o(i.__0vsprintf$7) refers to printf7.o(i._sputc) for _sputc
    printf7.o(i._printf_core) refers to printf7.o(i._printf_pre_padding) for _printf_pre_padding
    printf7.o(i._printf_core) refers to uldiv.o(.text) for __aeabi_uldivmod
    printf7.o(i._printf_core) refers to printf7.o(i._printf_post_padding) for _printf_post_padding
    printf8.o(i.__0fprintf$8) refers to printf8.o(i._printf_core) for _printf_core
    printf8.o(i.__0fprintf$8) refers to drive_usart_interrupt.o(i.fputc) for fputc
    printf8.o(i.__0printf$8) refers to printf8.o(i._printf_core) for _printf_core
    printf8.o(i.__0printf$8) refers to drive_usart_interrupt.o(i.fputc) for fputc
    printf8.o(i.__0printf$8) refers to stdout.o(.data) for __stdout
    printf8.o(i.__0snprintf$8) refers to printf8.o(i._printf_core) for _printf_core
    printf8.o(i.__0snprintf$8) refers to printf8.o(i._snputc) for _snputc
    printf8.o(i.__0sprintf$8) refers to printf8.o(i._printf_core) for _printf_core
    printf8.o(i.__0sprintf$8) refers to printf8.o(i._sputc) for _sputc
    printf8.o(i.__0vfprintf$8) refers to printf8.o(i._printf_core) for _printf_core
    printf8.o(i.__0vfprintf$8) refers to drive_usart_interrupt.o(i.fputc) for fputc
    printf8.o(i.__0vprintf$8) refers to printf8.o(i._printf_core) for _printf_core
    printf8.o(i.__0vprintf$8) refers to drive_usart_interrupt.o(i.fputc) for fputc
    printf8.o(i.__0vprintf$8) refers to stdout.o(.data) for __stdout
    printf8.o(i.__0vsnprintf$8) refers to printf8.o(i._printf_core) for _printf_core
    printf8.o(i.__0vsnprintf$8) refers to printf8.o(i._snputc) for _snputc
    printf8.o(i.__0vsprintf$8) refers to printf8.o(i._printf_core) for _printf_core
    printf8.o(i.__0vsprintf$8) refers to printf8.o(i._sputc) for _sputc
    printf8.o(i._printf_core) refers to printf8.o(i._printf_pre_padding) for _printf_pre_padding
    printf8.o(i._printf_core) refers to uldiv.o(.text) for __aeabi_uldivmod
    printf8.o(i._printf_core) refers to printf8.o(i._printf_post_padding) for _printf_post_padding
    printfa.o(i.__0fprintf) refers (Special) to iusefp.o(.text) for __I$use$fp
    printfa.o(i.__0fprintf) refers to printfa.o(i._printf_core) for _printf_core
    printfa.o(i.__0fprintf) refers to drive_usart_interrupt.o(i.fputc) for fputc
    printfa.o(i.__0printf) refers (Special) to iusefp.o(.text) for __I$use$fp
    printfa.o(i.__0printf) refers to printfa.o(i._printf_core) for _printf_core
    printfa.o(i.__0printf) refers to drive_usart_interrupt.o(i.fputc) for fputc
    printfa.o(i.__0printf) refers to stdout.o(.data) for __stdout
    printfa.o(i.__0snprintf) refers (Special) to iusefp.o(.text) for __I$use$fp
    printfa.o(i.__0snprintf) refers to printfa.o(i._printf_core) for _printf_core
    printfa.o(i.__0snprintf) refers to printfa.o(i._snputc) for _snputc
    printfa.o(i.__0sprintf) refers (Special) to iusefp.o(.text) for __I$use$fp
    printfa.o(i.__0sprintf) refers to printfa.o(i._printf_core) for _printf_core
    printfa.o(i.__0sprintf) refers to printfa.o(i._sputc) for _sputc
    printfa.o(i.__0vfprintf) refers (Special) to iusefp.o(.text) for __I$use$fp
    printfa.o(i.__0vfprintf) refers to printfa.o(i._printf_core) for _printf_core
    printfa.o(i.__0vfprintf) refers to drive_usart_interrupt.o(i.fputc) for fputc
    printfa.o(i.__0vprintf) refers (Special) to iusefp.o(.text) for __I$use$fp
    printfa.o(i.__0vprintf) refers to printfa.o(i._printf_core) for _printf_core
    printfa.o(i.__0vprintf) refers to drive_usart_interrupt.o(i.fputc) for fputc
    printfa.o(i.__0vprintf) refers to stdout.o(.data) for __stdout
    printfa.o(i.__0vsnprintf) refers (Special) to iusefp.o(.text) for __I$use$fp
    printfa.o(i.__0vsnprintf) refers to printfa.o(i._printf_core) for _printf_core
    printfa.o(i.__0vsnprintf) refers to printfa.o(i._snputc) for _snputc
    printfa.o(i.__0vsprintf) refers (Special) to iusefp.o(.text) for __I$use$fp
    printfa.o(i.__0vsprintf) refers to printfa.o(i._printf_core) for _printf_core
    printfa.o(i.__0vsprintf) refers to printfa.o(i._sputc) for _sputc
    printfa.o(i._fp_digits) refers (Special) to iusefp.o(.text) for __I$use$fp
    printfa.o(i._fp_digits) refers to dmul.o(.text) for __aeabi_dmul
    printfa.o(i._fp_digits) refers to ddiv.o(.text) for __aeabi_ddiv
    printfa.o(i._fp_digits) refers to cdrcmple.o(.text) for __aeabi_cdrcmple
    printfa.o(i._fp_digits) refers to dadd.o(.text) for __aeabi_dadd
    printfa.o(i._fp_digits) refers to dfixul.o(.text) for __aeabi_d2ulz
    printfa.o(i._fp_digits) refers to uldiv.o(.text) for __aeabi_uldivmod
    printfa.o(i._printf_core) refers (Special) to iusefp.o(.text) for __I$use$fp
    printfa.o(i._printf_core) refers to printfa.o(i._printf_pre_padding) for _printf_pre_padding
    printfa.o(i._printf_core) refers to uldiv.o(.text) for __aeabi_uldivmod
    printfa.o(i._printf_core) refers to printfa.o(i._printf_post_padding) for _printf_post_padding
    printfa.o(i._printf_core) refers to printfa.o(i._fp_digits) for _fp_digits
    printfa.o(i._printf_core) refers to uidiv.o(.text) for __aeabi_uidivmod
    printfa.o(i._printf_post_padding) refers (Special) to iusefp.o(.text) for __I$use$fp
    printfa.o(i._printf_pre_padding) refers (Special) to iusefp.o(.text) for __I$use$fp
    printfa.o(i._snputc) refers (Special) to iusefp.o(.text) for __I$use$fp
    printfa.o(i._sputc) refers (Special) to iusefp.o(.text) for __I$use$fp
    ddiv.o(.text) refers (Special) to iusefp.o(.text) for __I$use$fp
    ddiv.o(.text) refers to depilogue.o(.text) for _double_round
    dflti.o(.text) refers (Special) to iusefp.o(.text) for __I$use$fp
    dflti.o(.text) refers to depilogue.o(.text) for _double_epilogue
    dfltui.o(.text) refers (Special) to iusefp.o(.text) for __I$use$fp
    dfltui.o(.text) refers to depilogue.o(.text) for _double_epilogue
    entry2.o(.ARM.Collect$$$$00000001) refers to entry2.o(.ARM.Collect$$$$00002712) for __lit__00000000
    entry2.o(.ARM.Collect$$$$00002712) refers to startup_stm32f10x_hd.o(STACK) for __initial_sp
    entry2.o(__vectab_stack_and_reset_area) refers to startup_stm32f10x_hd.o(STACK) for __initial_sp
    entry2.o(__vectab_stack_and_reset_area) refers to entry.o(.ARM.Collect$$$$00000000) for __main
    entry5.o(.ARM.Collect$$$$00000004) refers to init.o(.text) for __scatterload
    entry9a.o(.ARM.Collect$$$$0000000B) refers to main.o(i.main) for main
    entry9b.o(.ARM.Collect$$$$0000000C) refers to main.o(i.main) for main
    uldiv.o(.text) refers to llushr.o(.text) for __aeabi_llsr
    uldiv.o(.text) refers to llshl.o(.text) for __aeabi_llsl
    depilogue.o(.text) refers to llshl.o(.text) for __aeabi_llsl
    depilogue.o(.text) refers to llushr.o(.text) for __aeabi_llsr
    dadd.o(.text) refers to llshl.o(.text) for __aeabi_llsl
    dadd.o(.text) refers to llsshr.o(.text) for __aeabi_lasr
    dadd.o(.text) refers to depilogue.o(.text) for _double_epilogue
    dmul.o(.text) refers to depilogue.o(.text) for _double_epilogue
    dfixul.o(.text) refers to llushr.o(.text) for __aeabi_llsr
    dfixul.o(.text) refers to llshl.o(.text) for __aeabi_llsl
    init.o(.text) refers to entry5.o(.ARM.Collect$$$$00000004) for __main_after_scatterload


==============================================================================

Removing Unused input sections from the image.

    Removing core_cm3.o(.emb_text), (32 bytes).
    Removing system_stm32f10x.o(i.SystemCoreClockUpdate), (164 bytes).
    Removing system_stm32f10x.o(.data), (20 bytes).
    Removing startup_stm32f10x_hd.o(HEAP), (512 bytes).
    Removing delay.o(i.Delay_s), (26 bytes).
    Removing led.o(i.Driver_LED_Init), (112 bytes).
    Removing led.o(i.Driver_LED_OffAll), (36 bytes).
    Removing led.o(i.Driver_LED_OnAll), (36 bytes).
    Removing led.o(.constdata), (12 bytes).
    Removing drive_key.o(i.Drive_Key_Init), (240 bytes).
    Removing drive_usart.o(i.Drive_USART_Init), (192 bytes).
    Removing drive_usart.o(i.Drive_USART_Sendstr), (28 bytes).
    Removing drive_usart.o(i.Driver_USART1_ReceiveChar), (28 bytes).
    Removing drive_usart.o(i.Driver_USART1_ReceiveString), (52 bytes).
    Removing drive_usart.o(.bss), (100 bytes).
    Removing drive_usart_interrupt.o(i.Drive_USART_Interrupt_ReceiveChar), (28 bytes).
    Removing drive_usart_interrupt.o(i.Drive_USART_Interrupt_Receivestr), (52 bytes).
    Removing drive_i2c.o(i.Driver_I2C2_Ack), (112 bytes).
    Removing drive_i2c.o(i.Driver_I2C2_Init), (84 bytes).
    Removing drive_i2c.o(i.Driver_I2C2_NAck), (72 bytes).
    Removing drive_i2c.o(i.Driver_I2C2_Start), (56 bytes).
    Removing drive_i2c.o(i.Driver_I2C2_Stop), (56 bytes).
    Removing drive_i2c.o(i.Driver_I2C2_WaitAck), (92 bytes).
    Removing drive_i2c.o(i.Driver_I2C_ReadByte), (100 bytes).
    Removing drive_i2c.o(i.Driver_I2C_SendByte), (124 bytes).
    Removing inf_e2prom.o(i.Inf_W24C02_Init), (8 bytes).
    Removing inf_e2prom.o(i.Inf_W24C02_ReadByte), (60 bytes).
    Removing inf_e2prom.o(i.Inf_W24C02_ReadBytes), (94 bytes).
    Removing inf_e2prom.o(i.Inf_W24C02_WriteByte), (52 bytes).
    Removing inf_e2prom.o(i.Inf_W24C02_WriteBytes), (70 bytes).
    Removing inf_e2prom_hardware.o(i.Inf_W24C02_HardWare_Init), (8 bytes).
    Removing inf_e2prom_hardware.o(i.Inf_W24C02_HardWare_ReadByte), (48 bytes).
    Removing inf_e2prom_hardware.o(i.Inf_W24C02_HardWare_ReadBytes), (82 bytes).
    Removing inf_e2prom_hardware.o(i.Inf_W24C02_HardWare_WriteByte), (40 bytes).
    Removing inf_e2prom_hardware.o(i.Inf_W24C02_HardWare_WriteBytes), (58 bytes).
    Removing drive_i2c_hardware.o(i.Driver_I2C2_HardWare_Ack), (20 bytes).
    Removing drive_i2c_hardware.o(i.Driver_I2C2_HardWare_Init), (112 bytes).
    Removing drive_i2c_hardware.o(i.Driver_I2C2_HardWare_NAck), (20 bytes).
    Removing drive_i2c_hardware.o(i.Driver_I2C2_HardWare_ReadByte), (48 bytes).
    Removing drive_i2c_hardware.o(i.Driver_I2C2_HardWare_SendByte), (72 bytes).
    Removing drive_i2c_hardware.o(i.Driver_I2C2_HardWare_Start), (52 bytes).
    Removing drive_i2c_hardware.o(i.Driver_I2C2_HardWare_Stop), (20 bytes).
    Removing drive_i2c_hardware.o(i.Driver_I2C_SendAddr), (56 bytes).
    Removing drive_basetick.o(i.Drive_BaseTick_Init), (172 bytes).
    Removing drive_generaltick.o(i.Drive_GeneralTick_AdjustDutyCycle), (12 bytes).
    Removing drive_generaltick.o(i.Drive_GeneralTick_Stop), (20 bytes).
    Removing drive_generalticktest.o(i.Drive_GeneralTickTestTest_Stop), (20 bytes).

47 unused section(s) (total 3510 bytes) removed from the image.

==============================================================================

Image Symbol Table

    Local Symbols

    Symbol Name                              Value     Ov Type        Size  Object(Section)

    ../clib/microlib/division.c              0x00000000   Number         0  uidiv.o ABSOLUTE
    ../clib/microlib/division.c              0x00000000   Number         0  uldiv.o ABSOLUTE
    ../clib/microlib/init/entry.s            0x00000000   Number         0  entry12b.o ABSOLUTE
    ../clib/microlib/init/entry.s            0x00000000   Number         0  entry11a.o ABSOLUTE
    ../clib/microlib/init/entry.s            0x00000000   Number         0  entry10b.o ABSOLUTE
    ../clib/microlib/init/entry.s            0x00000000   Number         0  entry10a.o ABSOLUTE
    ../clib/microlib/init/entry.s            0x00000000   Number         0  entry7a.o ABSOLUTE
    ../clib/microlib/init/entry.s            0x00000000   Number         0  entry9b.o ABSOLUTE
    ../clib/microlib/init/entry.s            0x00000000   Number         0  entry5.o ABSOLUTE
    ../clib/microlib/init/entry.s            0x00000000   Number         0  entry7b.o ABSOLUTE
    ../clib/microlib/init/entry.s            0x00000000   Number         0  entry12a.o ABSOLUTE
    ../clib/microlib/init/entry.s            0x00000000   Number         0  entry9a.o ABSOLUTE
    ../clib/microlib/init/entry.s            0x00000000   Number         0  entry2.o ABSOLUTE
    ../clib/microlib/init/entry.s            0x00000000   Number         0  entry8b.o ABSOLUTE
    ../clib/microlib/init/entry.s            0x00000000   Number         0  entry11b.o ABSOLUTE
    ../clib/microlib/init/entry.s            0x00000000   Number         0  entry8a.o ABSOLUTE
    ../clib/microlib/init/entry.s            0x00000000   Number         0  entry.o ABSOLUTE
    ../clib/microlib/longlong.c              0x00000000   Number         0  llsshr.o ABSOLUTE
    ../clib/microlib/longlong.c              0x00000000   Number         0  llshl.o ABSOLUTE
    ../clib/microlib/longlong.c              0x00000000   Number         0  llushr.o ABSOLUTE
    ../clib/microlib/printf/printf.c         0x00000000   Number         0  printfa.o ABSOLUTE
    ../clib/microlib/printf/printf.c         0x00000000   Number         0  printf1.o ABSOLUTE
    ../clib/microlib/printf/printf.c         0x00000000   Number         0  printf0.o ABSOLUTE
    ../clib/microlib/printf/printf.c         0x00000000   Number         0  printf8.o ABSOLUTE
    ../clib/microlib/printf/printf.c         0x00000000   Number         0  printf7.o ABSOLUTE
    ../clib/microlib/printf/printf.c         0x00000000   Number         0  printf6.o ABSOLUTE
    ../clib/microlib/printf/printf.c         0x00000000   Number         0  printfb.o ABSOLUTE
    ../clib/microlib/printf/printf.c         0x00000000   Number         0  printf5.o ABSOLUTE
    ../clib/microlib/printf/printf.c         0x00000000   Number         0  printf4.o ABSOLUTE
    ../clib/microlib/printf/printf.c         0x00000000   Number         0  printf2.o ABSOLUTE
    ../clib/microlib/printf/printf.c         0x00000000   Number         0  printf3.o ABSOLUTE
    ../clib/microlib/printf/stubs.s          0x00000000   Number         0  stubs.o ABSOLUTE
    ../clib/microlib/stdio/streams.c         0x00000000   Number         0  stdout.o ABSOLUTE
    ../clib/microlib/stubs.s                 0x00000000   Number         0  iusefp.o ABSOLUTE
    ../fplib/microlib/fpadd.c                0x00000000   Number         0  dadd.o ABSOLUTE
    ../fplib/microlib/fpdiv.c                0x00000000   Number         0  ddiv.o ABSOLUTE
    ../fplib/microlib/fpepilogue.c           0x00000000   Number         0  depilogue.o ABSOLUTE
    ../fplib/microlib/fpfix.c                0x00000000   Number         0  dfixul.o ABSOLUTE
    ../fplib/microlib/fpflt.c                0x00000000   Number         0  dfltui.o ABSOLUTE
    ../fplib/microlib/fpflt.c                0x00000000   Number         0  dflti.o ABSOLUTE
    ../fplib/microlib/fpmul.c                0x00000000   Number         0  dmul.o ABSOLUTE
    Drive\Drive_BaseTick\Drive_BaseTick.c    0x00000000   Number         0  drive_basetick.o ABSOLUTE
    Drive\Drive_GeneralTickTest\Drive_GeneralTickTest.c 0x00000000   Number         0  drive_generalticktest.o ABSOLUTE
    Drive\Drive_GeneralTick\Drive_GeneralTick.c 0x00000000   Number         0  drive_generaltick.o ABSOLUTE
    Drive\Drive_I2C\Drive_I2C.c              0x00000000   Number         0  drive_i2c.o ABSOLUTE
    Drive\Drive_I2C_HardWare\Drive_I2C_HardWare.c 0x00000000   Number         0  drive_i2c_hardware.o ABSOLUTE
    Drive\Drive_KEY\Drive_KEY.c              0x00000000   Number         0  drive_key.o ABSOLUTE
    Drive\Drive_USART\Drive_USART.c          0x00000000   Number         0  drive_usart.o ABSOLUTE
    Drive\Drive_USART_Interrupt\Drive_USART_Interrupt.c 0x00000000   Number         0  drive_usart_interrupt.o ABSOLUTE
    Drive\led\led.c                          0x00000000   Number         0  led.o ABSOLUTE
    Inf\E2PROM\Inf_E2PROM.c                  0x00000000   Number         0  inf_e2prom.o ABSOLUTE
    Inf\E2PROM_HardWare\Inf_E2PROM_HardWare.c 0x00000000   Number         0  inf_e2prom_hardware.o ABSOLUTE
    Start\\core_cm3.c                        0x00000000   Number         0  core_cm3.o ABSOLUTE
    Start\core_cm3.c                         0x00000000   Number         0  core_cm3.o ABSOLUTE
    Start\startup_stm32f10x_hd.s             0x00000000   Number         0  startup_stm32f10x_hd.o ABSOLUTE
    Start\system_stm32f10x.c                 0x00000000   Number         0  system_stm32f10x.o ABSOLUTE
    User\Delay.c                             0x00000000   Number         0  delay.o ABSOLUTE
    User\main.c                              0x00000000   Number         0  main.o ABSOLUTE
    cdrcmple.s                               0x00000000   Number         0  cdrcmple.o ABSOLUTE
    dc.s                                     0x00000000   Number         0  dc.o ABSOLUTE
    handlers.s                               0x00000000   Number         0  handlers.o ABSOLUTE
    init.s                                   0x00000000   Number         0  init.o ABSOLUTE
    RESET                                    0x08000000   Section      304  startup_stm32f10x_hd.o(RESET)
    .ARM.Collect$$$$00000000                 0x08000130   Section        0  entry.o(.ARM.Collect$$$$00000000)
    .ARM.Collect$$$$00000001                 0x08000130   Section        4  entry2.o(.ARM.Collect$$$$00000001)
    .ARM.Collect$$$$00000004                 0x08000134   Section        4  entry5.o(.ARM.Collect$$$$00000004)
    .ARM.Collect$$$$00000008                 0x08000138   Section        0  entry7b.o(.ARM.Collect$$$$00000008)
    .ARM.Collect$$$$0000000A                 0x08000138   Section        0  entry8b.o(.ARM.Collect$$$$0000000A)
    .ARM.Collect$$$$0000000B                 0x08000138   Section        8  entry9a.o(.ARM.Collect$$$$0000000B)
    .ARM.Collect$$$$0000000E                 0x08000140   Section        4  entry12b.o(.ARM.Collect$$$$0000000E)
    .ARM.Collect$$$$0000000F                 0x08000144   Section        0  entry10a.o(.ARM.Collect$$$$0000000F)
    .ARM.Collect$$$$00000011                 0x08000144   Section        0  entry11a.o(.ARM.Collect$$$$00000011)
    .ARM.Collect$$$$00002712                 0x08000144   Section        4  entry2.o(.ARM.Collect$$$$00002712)
    __lit__00000000                          0x08000144   Data           4  entry2.o(.ARM.Collect$$$$00002712)
    .text                                    0x08000148   Section       36  startup_stm32f10x_hd.o(.text)
    .text                                    0x0800016c   Section        0  ddiv.o(.text)
    .text                                    0x0800024a   Section        0  dflti.o(.text)
    .text                                    0x0800026c   Section        0  dfltui.o(.text)
    .text                                    0x08000286   Section        0  uidiv.o(.text)
    .text                                    0x080002b2   Section        0  uldiv.o(.text)
    .text                                    0x08000314   Section        0  iusefp.o(.text)
    .text                                    0x08000314   Section        0  depilogue.o(.text)
    .text                                    0x080003ce   Section        0  dadd.o(.text)
    .text                                    0x0800051c   Section        0  dmul.o(.text)
    .text                                    0x08000600   Section        0  dfixul.o(.text)
    .text                                    0x08000630   Section       48  cdrcmple.o(.text)
    .text                                    0x08000660   Section       36  init.o(.text)
    .text                                    0x08000684   Section        0  llshl.o(.text)
    .text                                    0x080006a2   Section        0  llushr.o(.text)
    .text                                    0x080006c2   Section        0  llsshr.o(.text)
    i.Delay_ms                               0x080006e6   Section        0  delay.o(i.Delay_ms)
    i.Delay_us                               0x08000700   Section        0  delay.o(i.Delay_us)
    i.Drive_GeneralTickTestTest_Init         0x08000738   Section        0  drive_generalticktest.o(i.Drive_GeneralTickTestTest_Init)
    i.Drive_GeneralTickTestTest_Start        0x0800086c   Section        0  drive_generalticktest.o(i.Drive_GeneralTickTestTest_Start)
    i.Drive_GeneralTick_Init                 0x08000880   Section        0  drive_generaltick.o(i.Drive_GeneralTick_Init)
    i.Drive_GeneralTick_Start                0x08000928   Section        0  drive_generaltick.o(i.Drive_GeneralTick_Start)
    i.Drive_USART_Interrupt_Init             0x0800093c   Section        0  drive_usart_interrupt.o(i.Drive_USART_Interrupt_Init)
    i.Drive_USART_Interrupt_Sendchar         0x08000a78   Section        0  drive_usart_interrupt.o(i.Drive_USART_Interrupt_Sendchar)
    i.Drive_USART_Interrupt_Sendstr          0x08000a94   Section        0  drive_usart_interrupt.o(i.Drive_USART_Interrupt_Sendstr)
    i.Drive_USART_Sendchar                   0x08000ab0   Section        0  drive_usart.o(i.Drive_USART_Sendchar)
    i.Driver_GeneralTickTestTest_GetPWMCycle 0x08000acc   Section        0  drive_generalticktest.o(i.Driver_GeneralTickTestTest_GetPWMCycle)
    i.Driver_GeneralTickTestTest_GetPWMFreq  0x08000aec   Section        0  drive_generalticktest.o(i.Driver_GeneralTickTestTest_GetPWMFreq)
    i.Driver_LED_Off                         0x08000b08   Section        0  led.o(i.Driver_LED_Off)
    i.Driver_LED_On                          0x08000b18   Section        0  led.o(i.Driver_LED_On)
    i.Driver_LED_Toggle                      0x08000b28   Section        0  led.o(i.Driver_LED_Toggle)
    i.EXTI15_10_IRQHandler                   0x08000b5c   Section        0  drive_key.o(i.EXTI15_10_IRQHandler)
    i.SetSysClock                            0x08000b8c   Section        0  system_stm32f10x.o(i.SetSysClock)
    SetSysClock                              0x08000b8d   Thumb Code     8  system_stm32f10x.o(i.SetSysClock)
    i.SetSysClockTo72                        0x08000b94   Section        0  system_stm32f10x.o(i.SetSysClockTo72)
    SetSysClockTo72                          0x08000b95   Thumb Code   214  system_stm32f10x.o(i.SetSysClockTo72)
    i.SystemInit                             0x08000c74   Section        0  system_stm32f10x.o(i.SystemInit)
    i.TIM4_IRQHandler                        0x08000cd4   Section        0  drive_generalticktest.o(i.TIM4_IRQHandler)
    i.TIM7_IRQHandler                        0x08000d24   Section        0  drive_basetick.o(i.TIM7_IRQHandler)
    i.USART1_IRQHandler                      0x08000d48   Section        0  drive_usart_interrupt.o(i.USART1_IRQHandler)
    i.__0printf                              0x08000da8   Section        0  printfa.o(i.__0printf)
    i.__scatterload_copy                     0x08000dc8   Section       14  handlers.o(i.__scatterload_copy)
    i.__scatterload_null                     0x08000dd6   Section        2  handlers.o(i.__scatterload_null)
    i.__scatterload_zeroinit                 0x08000dd8   Section       14  handlers.o(i.__scatterload_zeroinit)
    i._fp_digits                             0x08000de8   Section        0  printfa.o(i._fp_digits)
    _fp_digits                               0x08000de9   Thumb Code   366  printfa.o(i._fp_digits)
    i._printf_core                           0x08000f6c   Section        0  printfa.o(i._printf_core)
    _printf_core                             0x08000f6d   Thumb Code  1704  printfa.o(i._printf_core)
    i._printf_post_padding                   0x08001620   Section        0  printfa.o(i._printf_post_padding)
    _printf_post_padding                     0x08001621   Thumb Code    36  printfa.o(i._printf_post_padding)
    i._printf_pre_padding                    0x08001644   Section        0  printfa.o(i._printf_pre_padding)
    _printf_pre_padding                      0x08001645   Thumb Code    46  printfa.o(i._printf_pre_padding)
    i.fputc                                  0x08001672   Section        0  drive_usart_interrupt.o(i.fputc)
    i.main                                   0x08001684   Section        0  main.o(i.main)
    .data                                    0x20000000   Section       16  main.o(.data)
    .data                                    0x20000010   Section        1  drive_usart_interrupt.o(.data)
    .data                                    0x20000011   Section        2  drive_generalticktest.o(.data)
    .data                                    0x20000014   Section        4  stdout.o(.data)
    .bss                                     0x20000018   Section      100  drive_usart_interrupt.o(.bss)
    STACK                                    0x20000080   Section     1024  startup_stm32f10x_hd.o(STACK)

    Global Symbols

    Symbol Name                              Value     Ov Type        Size  Object(Section)

    BuildAttributes$$THM_ISAv4$P$D$K$B$S$PE$A:L22UL41UL21$X:L11$S22US41US21$IEEE1$IW$USESV6$~STKCKD$USESV7$~SHL$OSPACE$ROPI$EBA8$MICROLIB$REQ8$PRES8$EABIv2 0x00000000   Number         0  anon$$obj.o ABSOLUTE
    __ARM_use_no_argv                        0x00000000   Number         0  main.o ABSOLUTE
    _printf_a                                0x00000000   Number         0  stubs.o ABSOLUTE
    _printf_c                                0x00000000   Number         0  stubs.o ABSOLUTE
    _printf_charcount                        0x00000000   Number         0  stubs.o ABSOLUTE
    _printf_d                                0x00000000   Number         0  stubs.o ABSOLUTE
    _printf_e                                0x00000000   Number         0  stubs.o ABSOLUTE
    _printf_f                                0x00000000   Number         0  stubs.o ABSOLUTE
    _printf_flags                            0x00000000   Number         0  stubs.o ABSOLUTE
    _printf_fp_dec                           0x00000000   Number         0  stubs.o ABSOLUTE
    _printf_fp_hex                           0x00000000   Number         0  stubs.o ABSOLUTE
    _printf_g                                0x00000000   Number         0  stubs.o ABSOLUTE
    _printf_i                                0x00000000   Number         0  stubs.o ABSOLUTE
    _printf_int_dec                          0x00000000   Number         0  stubs.o ABSOLUTE
    _printf_l                                0x00000000   Number         0  stubs.o ABSOLUTE
    _printf_lc                               0x00000000   Number         0  stubs.o ABSOLUTE
    _printf_ll                               0x00000000   Number         0  stubs.o ABSOLUTE
    _printf_lld                              0x00000000   Number         0  stubs.o ABSOLUTE
    _printf_lli                              0x00000000   Number         0  stubs.o ABSOLUTE
    _printf_llo                              0x00000000   Number         0  stubs.o ABSOLUTE
    _printf_llu                              0x00000000   Number         0  stubs.o ABSOLUTE
    _printf_llx                              0x00000000   Number         0  stubs.o ABSOLUTE
    _printf_longlong_dec                     0x00000000   Number         0  stubs.o ABSOLUTE
    _printf_longlong_hex                     0x00000000   Number         0  stubs.o ABSOLUTE
    _printf_longlong_oct                     0x00000000   Number         0  stubs.o ABSOLUTE
    _printf_ls                               0x00000000   Number         0  stubs.o ABSOLUTE
    _printf_mbtowc                           0x00000000   Number         0  stubs.o ABSOLUTE
    _printf_n                                0x00000000   Number         0  stubs.o ABSOLUTE
    _printf_o                                0x00000000   Number         0  stubs.o ABSOLUTE
    _printf_p                                0x00000000   Number         0  stubs.o ABSOLUTE
    _printf_percent                          0x00000000   Number         0  stubs.o ABSOLUTE
    _printf_pre_padding                      0x00000000   Number         0  stubs.o ABSOLUTE
    _printf_return_value                     0x00000000   Number         0  stubs.o ABSOLUTE
    _printf_s                                0x00000000   Number         0  stubs.o ABSOLUTE
    _printf_sizespec                         0x00000000   Number         0  stubs.o ABSOLUTE
    _printf_str                              0x00000000   Number         0  stubs.o ABSOLUTE
    _printf_truncate_signed                  0x00000000   Number         0  stubs.o ABSOLUTE
    _printf_truncate_unsigned                0x00000000   Number         0  stubs.o ABSOLUTE
    _printf_u                                0x00000000   Number         0  stubs.o ABSOLUTE
    _printf_wc                               0x00000000   Number         0  stubs.o ABSOLUTE
    _printf_wctomb                           0x00000000   Number         0  stubs.o ABSOLUTE
    _printf_widthprec                        0x00000000   Number         0  stubs.o ABSOLUTE
    _printf_x                                0x00000000   Number         0  stubs.o ABSOLUTE
    __arm_fini_                               - Undefined Weak Reference
    __cpp_initialize__aeabi_                  - Undefined Weak Reference
    __cxa_finalize                            - Undefined Weak Reference
    __decompress                              - Undefined Weak Reference
    _clock_init                               - Undefined Weak Reference
    _microlib_exit                            - Undefined Weak Reference
    __Vectors_Size                           0x00000130   Number         0  startup_stm32f10x_hd.o ABSOLUTE
    __Vectors                                0x08000000   Data           4  startup_stm32f10x_hd.o(RESET)
    __Vectors_End                            0x08000130   Data           0  startup_stm32f10x_hd.o(RESET)
    __main                                   0x08000131   Thumb Code     0  entry.o(.ARM.Collect$$$$00000000)
    _main_stk                                0x08000131   Thumb Code     0  entry2.o(.ARM.Collect$$$$00000001)
    _main_scatterload                        0x08000135   Thumb Code     0  entry5.o(.ARM.Collect$$$$00000004)
    __main_after_scatterload                 0x08000139   Thumb Code     0  entry5.o(.ARM.Collect$$$$00000004)
    _main_clock                              0x08000139   Thumb Code     0  entry7b.o(.ARM.Collect$$$$00000008)
    _main_cpp_init                           0x08000139   Thumb Code     0  entry8b.o(.ARM.Collect$$$$0000000A)
    _main_init                               0x08000139   Thumb Code     0  entry9a.o(.ARM.Collect$$$$0000000B)
    __rt_lib_shutdown_fini                   0x08000141   Thumb Code     0  entry12b.o(.ARM.Collect$$$$0000000E)
    __rt_final_cpp                           0x08000145   Thumb Code     0  entry10a.o(.ARM.Collect$$$$0000000F)
    __rt_final_exit                          0x08000145   Thumb Code     0  entry11a.o(.ARM.Collect$$$$00000011)
    Reset_Handler                            0x08000149   Thumb Code     8  startup_stm32f10x_hd.o(.text)
    NMI_Handler                              0x08000151   Thumb Code     2  startup_stm32f10x_hd.o(.text)
    HardFault_Handler                        0x08000153   Thumb Code     2  startup_stm32f10x_hd.o(.text)
    MemManage_Handler                        0x08000155   Thumb Code     2  startup_stm32f10x_hd.o(.text)
    BusFault_Handler                         0x08000157   Thumb Code     2  startup_stm32f10x_hd.o(.text)
    UsageFault_Handler                       0x08000159   Thumb Code     2  startup_stm32f10x_hd.o(.text)
    SVC_Handler                              0x0800015b   Thumb Code     2  startup_stm32f10x_hd.o(.text)
    DebugMon_Handler                         0x0800015d   Thumb Code     2  startup_stm32f10x_hd.o(.text)
    PendSV_Handler                           0x0800015f   Thumb Code     2  startup_stm32f10x_hd.o(.text)
    SysTick_Handler                          0x08000161   Thumb Code     2  startup_stm32f10x_hd.o(.text)
    ADC1_2_IRQHandler                        0x08000163   Thumb Code     0  startup_stm32f10x_hd.o(.text)
    ADC3_IRQHandler                          0x08000163   Thumb Code     0  startup_stm32f10x_hd.o(.text)
    CAN1_RX1_IRQHandler                      0x08000163   Thumb Code     0  startup_stm32f10x_hd.o(.text)
    CAN1_SCE_IRQHandler                      0x08000163   Thumb Code     0  startup_stm32f10x_hd.o(.text)
    DMA1_Channel1_IRQHandler                 0x08000163   Thumb Code     0  startup_stm32f10x_hd.o(.text)
    DMA1_Channel2_IRQHandler                 0x08000163   Thumb Code     0  startup_stm32f10x_hd.o(.text)
    DMA1_Channel3_IRQHandler                 0x08000163   Thumb Code     0  startup_stm32f10x_hd.o(.text)
    DMA1_Channel4_IRQHandler                 0x08000163   Thumb Code     0  startup_stm32f10x_hd.o(.text)
    DMA1_Channel5_IRQHandler                 0x08000163   Thumb Code     0  startup_stm32f10x_hd.o(.text)
    DMA1_Channel6_IRQHandler                 0x08000163   Thumb Code     0  startup_stm32f10x_hd.o(.text)
    DMA1_Channel7_IRQHandler                 0x08000163   Thumb Code     0  startup_stm32f10x_hd.o(.text)
    DMA2_Channel1_IRQHandler                 0x08000163   Thumb Code     0  startup_stm32f10x_hd.o(.text)
    DMA2_Channel2_IRQHandler                 0x08000163   Thumb Code     0  startup_stm32f10x_hd.o(.text)
    DMA2_Channel3_IRQHandler                 0x08000163   Thumb Code     0  startup_stm32f10x_hd.o(.text)
    DMA2_Channel4_5_IRQHandler               0x08000163   Thumb Code     0  startup_stm32f10x_hd.o(.text)
    EXTI0_IRQHandler                         0x08000163   Thumb Code     0  startup_stm32f10x_hd.o(.text)
    EXTI1_IRQHandler                         0x08000163   Thumb Code     0  startup_stm32f10x_hd.o(.text)
    EXTI2_IRQHandler                         0x08000163   Thumb Code     0  startup_stm32f10x_hd.o(.text)
    EXTI3_IRQHandler                         0x08000163   Thumb Code     0  startup_stm32f10x_hd.o(.text)
    EXTI4_IRQHandler                         0x08000163   Thumb Code     0  startup_stm32f10x_hd.o(.text)
    EXTI9_5_IRQHandler                       0x08000163   Thumb Code     0  startup_stm32f10x_hd.o(.text)
    FLASH_IRQHandler                         0x08000163   Thumb Code     0  startup_stm32f10x_hd.o(.text)
    FSMC_IRQHandler                          0x08000163   Thumb Code     0  startup_stm32f10x_hd.o(.text)
    I2C1_ER_IRQHandler                       0x08000163   Thumb Code     0  startup_stm32f10x_hd.o(.text)
    I2C1_EV_IRQHandler                       0x08000163   Thumb Code     0  startup_stm32f10x_hd.o(.text)
    I2C2_ER_IRQHandler                       0x08000163   Thumb Code     0  startup_stm32f10x_hd.o(.text)
    I2C2_EV_IRQHandler                       0x08000163   Thumb Code     0  startup_stm32f10x_hd.o(.text)
    PVD_IRQHandler                           0x08000163   Thumb Code     0  startup_stm32f10x_hd.o(.text)
    RCC_IRQHandler                           0x08000163   Thumb Code     0  startup_stm32f10x_hd.o(.text)
    RTCAlarm_IRQHandler                      0x08000163   Thumb Code     0  startup_stm32f10x_hd.o(.text)
    RTC_IRQHandler                           0x08000163   Thumb Code     0  startup_stm32f10x_hd.o(.text)
    SDIO_IRQHandler                          0x08000163   Thumb Code     0  startup_stm32f10x_hd.o(.text)
    SPI1_IRQHandler                          0x08000163   Thumb Code     0  startup_stm32f10x_hd.o(.text)
    SPI2_IRQHandler                          0x08000163   Thumb Code     0  startup_stm32f10x_hd.o(.text)
    SPI3_IRQHandler                          0x08000163   Thumb Code     0  startup_stm32f10x_hd.o(.text)
    TAMPER_IRQHandler                        0x08000163   Thumb Code     0  startup_stm32f10x_hd.o(.text)
    TIM1_BRK_IRQHandler                      0x08000163   Thumb Code     0  startup_stm32f10x_hd.o(.text)
    TIM1_CC_IRQHandler                       0x08000163   Thumb Code     0  startup_stm32f10x_hd.o(.text)
    TIM1_TRG_COM_IRQHandler                  0x08000163   Thumb Code     0  startup_stm32f10x_hd.o(.text)
    TIM1_UP_IRQHandler                       0x08000163   Thumb Code     0  startup_stm32f10x_hd.o(.text)
    TIM2_IRQHandler                          0x08000163   Thumb Code     0  startup_stm32f10x_hd.o(.text)
    TIM3_IRQHandler                          0x08000163   Thumb Code     0  startup_stm32f10x_hd.o(.text)
    TIM5_IRQHandler                          0x08000163   Thumb Code     0  startup_stm32f10x_hd.o(.text)
    TIM6_IRQHandler                          0x08000163   Thumb Code     0  startup_stm32f10x_hd.o(.text)
    TIM8_BRK_IRQHandler                      0x08000163   Thumb Code     0  startup_stm32f10x_hd.o(.text)
    TIM8_CC_IRQHandler                       0x08000163   Thumb Code     0  startup_stm32f10x_hd.o(.text)
    TIM8_TRG_COM_IRQHandler                  0x08000163   Thumb Code     0  startup_stm32f10x_hd.o(.text)
    TIM8_UP_IRQHandler                       0x08000163   Thumb Code     0  startup_stm32f10x_hd.o(.text)
    UART4_IRQHandler                         0x08000163   Thumb Code     0  startup_stm32f10x_hd.o(.text)
    UART5_IRQHandler                         0x08000163   Thumb Code     0  startup_stm32f10x_hd.o(.text)
    USART2_IRQHandler                        0x08000163   Thumb Code     0  startup_stm32f10x_hd.o(.text)
    USART3_IRQHandler                        0x08000163   Thumb Code     0  startup_stm32f10x_hd.o(.text)
    USBWakeUp_IRQHandler                     0x08000163   Thumb Code     0  startup_stm32f10x_hd.o(.text)
    USB_HP_CAN1_TX_IRQHandler                0x08000163   Thumb Code     0  startup_stm32f10x_hd.o(.text)
    USB_LP_CAN1_RX0_IRQHandler               0x08000163   Thumb Code     0  startup_stm32f10x_hd.o(.text)
    WWDG_IRQHandler                          0x08000163   Thumb Code     0  startup_stm32f10x_hd.o(.text)
    __aeabi_ddiv                             0x0800016d   Thumb Code   222  ddiv.o(.text)
    __aeabi_i2d                              0x0800024b   Thumb Code    34  dflti.o(.text)
    __aeabi_ui2d                             0x0800026d   Thumb Code    26  dfltui.o(.text)
    __aeabi_uidiv                            0x08000287   Thumb Code     0  uidiv.o(.text)
    __aeabi_uidivmod                         0x08000287   Thumb Code    44  uidiv.o(.text)
    __aeabi_uldivmod                         0x080002b3   Thumb Code    98  uldiv.o(.text)
    __I$use$fp                               0x08000315   Thumb Code     0  iusefp.o(.text)
    _double_round                            0x08000315   Thumb Code    30  depilogue.o(.text)
    _double_epilogue                         0x08000333   Thumb Code   156  depilogue.o(.text)
    __aeabi_dadd                             0x080003cf   Thumb Code   322  dadd.o(.text)
    __aeabi_dsub                             0x08000511   Thumb Code     6  dadd.o(.text)
    __aeabi_drsub                            0x08000517   Thumb Code     6  dadd.o(.text)
    __aeabi_dmul                             0x0800051d   Thumb Code   228  dmul.o(.text)
    __aeabi_d2ulz                            0x08000601   Thumb Code    48  dfixul.o(.text)
    __aeabi_cdrcmple                         0x08000631   Thumb Code    48  cdrcmple.o(.text)
    __scatterload                            0x08000661   Thumb Code    28  init.o(.text)
    __scatterload_rt2                        0x08000661   Thumb Code     0  init.o(.text)
    __aeabi_llsl                             0x08000685   Thumb Code    30  llshl.o(.text)
    _ll_shift_l                              0x08000685   Thumb Code     0  llshl.o(.text)
    __aeabi_llsr                             0x080006a3   Thumb Code    32  llushr.o(.text)
    _ll_ushift_r                             0x080006a3   Thumb Code     0  llushr.o(.text)
    __aeabi_lasr                             0x080006c3   Thumb Code    36  llsshr.o(.text)
    _ll_sshift_r                             0x080006c3   Thumb Code     0  llsshr.o(.text)
    Delay_ms                                 0x080006e7   Thumb Code    26  delay.o(i.Delay_ms)
    Delay_us                                 0x08000701   Thumb Code    54  delay.o(i.Delay_us)
    Drive_GeneralTickTestTest_Init           0x08000739   Thumb Code   284  drive_generalticktest.o(i.Drive_GeneralTickTestTest_Init)
    Drive_GeneralTickTestTest_Start          0x0800086d   Thumb Code    14  drive_generalticktest.o(i.Drive_GeneralTickTestTest_Start)
    Drive_GeneralTick_Init                   0x08000881   Thumb Code   156  drive_generaltick.o(i.Drive_GeneralTick_Init)
    Drive_GeneralTick_Start                  0x08000929   Thumb Code    14  drive_generaltick.o(i.Drive_GeneralTick_Start)
    Drive_USART_Interrupt_Init               0x0800093d   Thumb Code   290  drive_usart_interrupt.o(i.Drive_USART_Interrupt_Init)
    Drive_USART_Interrupt_Sendchar           0x08000a79   Thumb Code    22  drive_usart_interrupt.o(i.Drive_USART_Interrupt_Sendchar)
    Drive_USART_Interrupt_Sendstr            0x08000a95   Thumb Code    26  drive_usart_interrupt.o(i.Drive_USART_Interrupt_Sendstr)
    Drive_USART_Sendchar                     0x08000ab1   Thumb Code    22  drive_usart.o(i.Drive_USART_Sendchar)
    Driver_GeneralTickTestTest_GetPWMCycle   0x08000acd   Thumb Code    22  drive_generalticktest.o(i.Driver_GeneralTickTestTest_GetPWMCycle)
    Driver_GeneralTickTestTest_GetPWMFreq    0x08000aed   Thumb Code    20  drive_generalticktest.o(i.Driver_GeneralTickTestTest_GetPWMFreq)
    Driver_LED_Off                           0x08000b09   Thumb Code    12  led.o(i.Driver_LED_Off)
    Driver_LED_On                            0x08000b19   Thumb Code    12  led.o(i.Driver_LED_On)
    Driver_LED_Toggle                        0x08000b29   Thumb Code    40  led.o(i.Driver_LED_Toggle)
    EXTI15_10_IRQHandler                     0x08000b5d   Thumb Code    38  drive_key.o(i.EXTI15_10_IRQHandler)
    SystemInit                               0x08000c75   Thumb Code    78  system_stm32f10x.o(i.SystemInit)
    TIM4_IRQHandler                          0x08000cd5   Thumb Code    66  drive_generalticktest.o(i.TIM4_IRQHandler)
    TIM7_IRQHandler                          0x08000d25   Thumb Code    28  drive_basetick.o(i.TIM7_IRQHandler)
    USART1_IRQHandler                        0x08000d49   Thumb Code    82  drive_usart_interrupt.o(i.USART1_IRQHandler)
    __0printf                                0x08000da9   Thumb Code    22  printfa.o(i.__0printf)
    __1printf                                0x08000da9   Thumb Code     0  printfa.o(i.__0printf)
    __2printf                                0x08000da9   Thumb Code     0  printfa.o(i.__0printf)
    __c89printf                              0x08000da9   Thumb Code     0  printfa.o(i.__0printf)
    printf                                   0x08000da9   Thumb Code     0  printfa.o(i.__0printf)
    __scatterload_copy                       0x08000dc9   Thumb Code    14  handlers.o(i.__scatterload_copy)
    __scatterload_null                       0x08000dd7   Thumb Code     2  handlers.o(i.__scatterload_null)
    __scatterload_zeroinit                   0x08000dd9   Thumb Code    14  handlers.o(i.__scatterload_zeroinit)
    fputc                                    0x08001673   Thumb Code    16  drive_usart_interrupt.o(i.fputc)
    main                                     0x08001685   Thumb Code    68  main.o(i.main)
    Region$$Table$$Base                      0x080016e8   Number         0  anon$$obj.o(Region$$Table)
    Region$$Table$$Limit                     0x08001708   Number         0  anon$$obj.o(Region$$Table)
    ta                                       0x20000000   Data           8  main.o(.data)
    f                                        0x20000008   Data           8  main.o(.data)
    len                                      0x20000010   Data           1  drive_usart_interrupt.o(.data)
    count                                    0x20000011   Data           1  drive_generalticktest.o(.data)
    t                                        0x20000012   Data           1  drive_generalticktest.o(.data)
    __stdout                                 0x20000014   Data           4  stdout.o(.data)
    buffa                                    0x20000018   Data         100  drive_usart_interrupt.o(.bss)
    __initial_sp                             0x20000480   Data           0  startup_stm32f10x_hd.o(STACK)



==============================================================================

Memory Map of the image

  Image Entry point : 0x08000149

  Load Region LR_1 (Base: 0x08000000, Size: 0x00001720, Max: 0xffffffff, ABSOLUTE)

    Execution Region ER_RO (Exec base: 0x08000000, Load base: 0x08000000, Size: 0x00001708, Max: 0xffffffff, ABSOLUTE)

    Exec Addr    Load Addr    Size         Type   Attr      Idx    E Section Name        Object

    0x08000000   0x08000000   0x00000130   Data   RO           60    RESET               startup_stm32f10x_hd.o
    0x08000130   0x08000130   0x00000000   Code   RO          629  * .ARM.Collect$$$$00000000  mc_w.l(entry.o)
    0x08000130   0x08000130   0x00000004   Code   RO          899    .ARM.Collect$$$$00000001  mc_w.l(entry2.o)
    0x08000134   0x08000134   0x00000004   Code   RO          902    .ARM.Collect$$$$00000004  mc_w.l(entry5.o)
    0x08000138   0x08000138   0x00000000   Code   RO          904    .ARM.Collect$$$$00000008  mc_w.l(entry7b.o)
    0x08000138   0x08000138   0x00000000   Code   RO          906    .ARM.Collect$$$$0000000A  mc_w.l(entry8b.o)
    0x08000138   0x08000138   0x00000008   Code   RO          907    .ARM.Collect$$$$0000000B  mc_w.l(entry9a.o)
    0x08000140   0x08000140   0x00000004   Code   RO          914    .ARM.Collect$$$$0000000E  mc_w.l(entry12b.o)
    0x08000144   0x08000144   0x00000000   Code   RO          909    .ARM.Collect$$$$0000000F  mc_w.l(entry10a.o)
    0x08000144   0x08000144   0x00000000   Code   RO          911    .ARM.Collect$$$$00000011  mc_w.l(entry11a.o)
    0x08000144   0x08000144   0x00000004   Code   RO          900    .ARM.Collect$$$$00002712  mc_w.l(entry2.o)
    0x08000148   0x08000148   0x00000024   Code   RO           61  * .text               startup_stm32f10x_hd.o
    0x0800016c   0x0800016c   0x000000de   Code   RO          893    .text               mf_w.l(ddiv.o)
    0x0800024a   0x0800024a   0x00000022   Code   RO          895    .text               mf_w.l(dflti.o)
    0x0800026c   0x0800026c   0x0000001a   Code   RO          897    .text               mf_w.l(dfltui.o)
    0x08000286   0x08000286   0x0000002c   Code   RO          916    .text               mc_w.l(uidiv.o)
    0x080002b2   0x080002b2   0x00000062   Code   RO          918    .text               mc_w.l(uldiv.o)
    0x08000314   0x08000314   0x00000000   Code   RO          920    .text               mc_w.l(iusefp.o)
    0x08000314   0x08000314   0x000000ba   Code   RO          921    .text               mf_w.l(depilogue.o)
    0x080003ce   0x080003ce   0x0000014e   Code   RO          923    .text               mf_w.l(dadd.o)
    0x0800051c   0x0800051c   0x000000e4   Code   RO          925    .text               mf_w.l(dmul.o)
    0x08000600   0x08000600   0x00000030   Code   RO          927    .text               mf_w.l(dfixul.o)
    0x08000630   0x08000630   0x00000030   Code   RO          929    .text               mf_w.l(cdrcmple.o)
    0x08000660   0x08000660   0x00000024   Code   RO          931    .text               mc_w.l(init.o)
    0x08000684   0x08000684   0x0000001e   Code   RO          933    .text               mc_w.l(llshl.o)
    0x080006a2   0x080006a2   0x00000020   Code   RO          935    .text               mc_w.l(llushr.o)
    0x080006c2   0x080006c2   0x00000024   Code   RO          937    .text               mc_w.l(llsshr.o)
    0x080006e6   0x080006e6   0x0000001a   Code   RO          125    i.Delay_ms          delay.o
    0x08000700   0x08000700   0x00000036   Code   RO          127    i.Delay_us          delay.o
    0x08000736   0x08000736   0x00000002   PAD
    0x08000738   0x08000738   0x00000134   Code   RO          581    i.Drive_GeneralTickTestTest_Init  drive_generalticktest.o
    0x0800086c   0x0800086c   0x00000014   Code   RO          582    i.Drive_GeneralTickTestTest_Start  drive_generalticktest.o
    0x08000880   0x08000880   0x000000a8   Code   RO          549    i.Drive_GeneralTick_Init  drive_generaltick.o
    0x08000928   0x08000928   0x00000014   Code   RO          550    i.Drive_GeneralTick_Start  drive_generaltick.o
    0x0800093c   0x0800093c   0x0000013c   Code   RO          269    i.Drive_USART_Interrupt_Init  drive_usart_interrupt.o
    0x08000a78   0x08000a78   0x0000001c   Code   RO          272    i.Drive_USART_Interrupt_Sendchar  drive_usart_interrupt.o
    0x08000a94   0x08000a94   0x0000001a   Code   RO          273    i.Drive_USART_Interrupt_Sendstr  drive_usart_interrupt.o
    0x08000aae   0x08000aae   0x00000002   PAD
    0x08000ab0   0x08000ab0   0x0000001c   Code   RO          228    i.Drive_USART_Sendchar  drive_usart.o
    0x08000acc   0x08000acc   0x00000020   Code   RO          584    i.Driver_GeneralTickTestTest_GetPWMCycle  drive_generalticktest.o
    0x08000aec   0x08000aec   0x0000001c   Code   RO          585    i.Driver_GeneralTickTestTest_GetPWMFreq  drive_generalticktest.o
    0x08000b08   0x08000b08   0x00000010   Code   RO          150    i.Driver_LED_Off    led.o
    0x08000b18   0x08000b18   0x00000010   Code   RO          152    i.Driver_LED_On     led.o
    0x08000b28   0x08000b28   0x00000034   Code   RO          154    i.Driver_LED_Toggle  led.o
    0x08000b5c   0x08000b5c   0x00000030   Code   RO          200    i.EXTI15_10_IRQHandler  drive_key.o
    0x08000b8c   0x08000b8c   0x00000008   Code   RO           17    i.SetSysClock       system_stm32f10x.o
    0x08000b94   0x08000b94   0x000000e0   Code   RO           18    i.SetSysClockTo72   system_stm32f10x.o
    0x08000c74   0x08000c74   0x00000060   Code   RO           20    i.SystemInit        system_stm32f10x.o
    0x08000cd4   0x08000cd4   0x00000050   Code   RO          586    i.TIM4_IRQHandler   drive_generalticktest.o
    0x08000d24   0x08000d24   0x00000024   Code   RO          524    i.TIM7_IRQHandler   drive_basetick.o
    0x08000d48   0x08000d48   0x00000060   Code   RO          274    i.USART1_IRQHandler  drive_usart_interrupt.o
    0x08000da8   0x08000da8   0x00000020   Code   RO          865    i.__0printf         mc_w.l(printfa.o)
    0x08000dc8   0x08000dc8   0x0000000e   Code   RO          941    i.__scatterload_copy  mc_w.l(handlers.o)
    0x08000dd6   0x08000dd6   0x00000002   Code   RO          942    i.__scatterload_null  mc_w.l(handlers.o)
    0x08000dd8   0x08000dd8   0x0000000e   Code   RO          943    i.__scatterload_zeroinit  mc_w.l(handlers.o)
    0x08000de6   0x08000de6   0x00000002   PAD
    0x08000de8   0x08000de8   0x00000184   Code   RO          872    i._fp_digits        mc_w.l(printfa.o)
    0x08000f6c   0x08000f6c   0x000006b4   Code   RO          873    i._printf_core      mc_w.l(printfa.o)
    0x08001620   0x08001620   0x00000024   Code   RO          874    i._printf_post_padding  mc_w.l(printfa.o)
    0x08001644   0x08001644   0x0000002e   Code   RO          875    i._printf_pre_padding  mc_w.l(printfa.o)
    0x08001672   0x08001672   0x00000010   Code   RO          275    i.fputc             drive_usart_interrupt.o
    0x08001682   0x08001682   0x00000002   PAD
    0x08001684   0x08001684   0x00000064   Code   RO           65    i.main              main.o
    0x080016e8   0x080016e8   0x00000020   Data   RO          939    Region$$Table       anon$$obj.o


    Execution Region ER_RW (Exec base: 0x20000000, Load base: 0x08001708, Size: 0x00000018, Max: 0xffffffff, ABSOLUTE)

    Exec Addr    Load Addr    Size         Type   Attr      Idx    E Section Name        Object

    0x20000000   0x08001708   0x00000010   Data   RW           66    .data               main.o
    0x20000010   0x08001718   0x00000001   Data   RW          277    .data               drive_usart_interrupt.o
    0x20000011   0x08001719   0x00000002   Data   RW          587    .data               drive_generalticktest.o
    0x20000013   0x0800171b   0x00000001   PAD
    0x20000014   0x0800171c   0x00000004   Data   RW          915    .data               mc_w.l(stdout.o)


    Execution Region ER_ZI (Exec base: 0x20000018, Load base: 0x08001720, Size: 0x00000468, Max: 0xffffffff, ABSOLUTE)

    Exec Addr    Load Addr    Size         Type   Attr      Idx    E Section Name        Object

    0x20000018        -       0x00000064   Zero   RW          276    .bss                drive_usart_interrupt.o
    0x2000007c   0x08001720   0x00000004   PAD
    0x20000080        -       0x00000400   Zero   RW           58    STACK               startup_stm32f10x_hd.o


==============================================================================

Image component sizes


      Code (inc. data)   RO Data    RW Data    ZI Data      Debug   Object Name

         0          0          0          0          0       4556   core_cm3.o
        80          0          0          0          0        850   delay.o
        36          8          0          0          0        450   drive_basetick.o
       188         18          0          0          0        947   drive_generaltick.o
       468         62          0          2          0       3192   drive_generalticktest.o
        48         10          0          0          0      15466   drive_key.o
        28          6          0          0          0        459   drive_usart.o
       482         46          0          1        100       5102   drive_usart_interrupt.o
        84         20          0          0          0       1289   led.o
       100         32          0         16          0     205154   main.o
        36          8        304          0       1024        748   startup_stm32f10x_hd.o
       328         28          0          0          0       1797   system_stm32f10x.o

    ----------------------------------------------------------------------
      1884        238        336         20       1128     240010   Object Totals
         0          0         32          0          0          0   (incl. Generated)
         6          0          0          1          4          0   (incl. Padding)

    ----------------------------------------------------------------------

      Code (inc. data)   RO Data    RW Data    ZI Data      Debug   Library Member Name

         0          0          0          0          0          0   entry.o
         0          0          0          0          0          0   entry10a.o
         0          0          0          0          0          0   entry11a.o
         4          0          0          0          0          0   entry12b.o
         8          4          0          0          0          0   entry2.o
         4          0          0          0          0          0   entry5.o
         0          0          0          0          0          0   entry7b.o
         0          0          0          0          0          0   entry8b.o
         8          4          0          0          0          0   entry9a.o
        30          0          0          0          0          0   handlers.o
        36          8          0          0          0         68   init.o
         0          0          0          0          0          0   iusefp.o
        30          0          0          0          0         68   llshl.o
        36          0          0          0          0         68   llsshr.o
        32          0          0          0          0         68   llushr.o
      2218         90          0          0          0        464   printfa.o
         0          0          0          4          0          0   stdout.o
        44          0          0          0          0         80   uidiv.o
        98          0          0          0          0         92   uldiv.o
        48          0          0          0          0         68   cdrcmple.o
       334          0          0          0          0        148   dadd.o
       222          0          0          0          0        100   ddiv.o
       186          0          0          0          0        176   depilogue.o
        48          0          0          0          0         68   dfixul.o
        34          0          0          0          0         76   dflti.o
        26          0          0          0          0         76   dfltui.o
       228          0          0          0          0         96   dmul.o

    ----------------------------------------------------------------------
      3676        106          0          4          0       1716   Library Totals
         2          0          0          0          0          0   (incl. Padding)

    ----------------------------------------------------------------------

      Code (inc. data)   RO Data    RW Data    ZI Data      Debug   Library Name

      2548        106          0          4          0        908   mc_w.l
      1126          0          0          0          0        808   mf_w.l

    ----------------------------------------------------------------------
      3676        106          0          4          0       1716   Library Totals

    ----------------------------------------------------------------------

==============================================================================


      Code (inc. data)   RO Data    RW Data    ZI Data      Debug   

      5560        344        336         24       1128     239850   Grand Totals
      5560        344        336         24       1128     239850   ELF Image Totals
      5560        344        336         24          0          0   ROM Totals

==============================================================================

    Total RO  Size (Code + RO Data)                 5896 (   5.76kB)
    Total RW  Size (RW Data + ZI Data)              1152 (   1.13kB)
    Total ROM Size (Code + RO Data + RW Data)       5920 (   5.78kB)

==============================================================================

